core_cm7.h:2229:22:SCB_EnableICache	4	static,ignoring_inline_asm
core_cm7.h:2281:22:SCB_EnableDCache	24	static,ignoring_inline_asm
main.c:77:5:_write	32	static
main.c:91:6:Task1	16	static
main.c:104:6:Task2	16	static
main.c:123:5:main	16	static
main.c:183:6:SystemClock_Config	232	static
main.c:252:13:MX_ETH_Init	8	static
main.c:296:13:MX_LPTIM1_Init	8	static
main.c:328:13:MX_RNG_Init	8	static
main.c:354:13:MX_RTC_Init	8	static
main.c:388:13:MX_USART3_UART_Init	8	static
main.c:423:13:MX_GPIO_Init	24	static
main.c:442:6:Error_Handler	4	static,ignoring_inline_asm
