Archive member included to satisfy reference by file (symbol)

c:/st/stm32cubeide_1.3.0/stm32cubeide/plugins/com.st.stm32cube.ide.mcu.externaltools.gnu-tools-for-stm32.7-2018-q2-update.win32_1.5.0.202011040924/tools/bin/../lib/gcc/arm-none-eabi/7.3.1/../../../../arm-none-eabi/lib/thumb/v7e-m/fpv5/hard\libc_nano.a(lib_a-errno.o)
                              Core/Src/main.o (__errno)
c:/st/stm32cubeide_1.3.0/stm32cubeide/plugins/com.st.stm32cube.ide.mcu.externaltools.gnu-tools-for-stm32.7-2018-q2-update.win32_1.5.0.202011040924/tools/bin/../lib/gcc/arm-none-eabi/7.3.1/../../../../arm-none-eabi/lib/thumb/v7e-m/fpv5/hard\libc_nano.a(lib_a-exit.o)
                              c:/st/stm32cubeide_1.3.0/stm32cubeide/plugins/com.st.stm32cube.ide.mcu.externaltools.gnu-tools-for-stm32.7-2018-q2-update.win32_1.5.0.202011040924/tools/bin/../lib/gcc/arm-none-eabi/7.3.1/../../../../arm-none-eabi/lib/thumb/v7e-m/fpv5/hard/crt0.o (exit)
c:/st/stm32cubeide_1.3.0/stm32cubeide/plugins/com.st.stm32cube.ide.mcu.externaltools.gnu-tools-for-stm32.7-2018-q2-update.win32_1.5.0.202011040924/tools/bin/../lib/gcc/arm-none-eabi/7.3.1/../../../../arm-none-eabi/lib/thumb/v7e-m/fpv5/hard\libc_nano.a(lib_a-impure.o)
                              c:/st/stm32cubeide_1.3.0/stm32cubeide/plugins/com.st.stm32cube.ide.mcu.externaltools.gnu-tools-for-stm32.7-2018-q2-update.win32_1.5.0.202011040924/tools/bin/../lib/gcc/arm-none-eabi/7.3.1/../../../../arm-none-eabi/lib/thumb/v7e-m/fpv5/hard\libc_nano.a(lib_a-exit.o) (_global_impure_ptr)
c:/st/stm32cubeide_1.3.0/stm32cubeide/plugins/com.st.stm32cube.ide.mcu.externaltools.gnu-tools-for-stm32.7-2018-q2-update.win32_1.5.0.202011040924/tools/bin/../lib/gcc/arm-none-eabi/7.3.1/../../../../arm-none-eabi/lib/thumb/v7e-m/fpv5/hard\libc_nano.a(lib_a-init.o)
                              c:/st/stm32cubeide_1.3.0/stm32cubeide/plugins/com.st.stm32cube.ide.mcu.externaltools.gnu-tools-for-stm32.7-2018-q2-update.win32_1.5.0.202011040924/tools/bin/../lib/gcc/arm-none-eabi/7.3.1/../../../../arm-none-eabi/lib/thumb/v7e-m/fpv5/hard/crt0.o (__libc_init_array)
c:/st/stm32cubeide_1.3.0/stm32cubeide/plugins/com.st.stm32cube.ide.mcu.externaltools.gnu-tools-for-stm32.7-2018-q2-update.win32_1.5.0.202011040924/tools/bin/../lib/gcc/arm-none-eabi/7.3.1/../../../../arm-none-eabi/lib/thumb/v7e-m/fpv5/hard\libc_nano.a(lib_a-memcpy-stub.o)
                              Middleware/FreeRTOS/queue.o (memcpy)
c:/st/stm32cubeide_1.3.0/stm32cubeide/plugins/com.st.stm32cube.ide.mcu.externaltools.gnu-tools-for-stm32.7-2018-q2-update.win32_1.5.0.202011040924/tools/bin/../lib/gcc/arm-none-eabi/7.3.1/../../../../arm-none-eabi/lib/thumb/v7e-m/fpv5/hard\libc_nano.a(lib_a-memset.o)
                              c:/st/stm32cubeide_1.3.0/stm32cubeide/plugins/com.st.stm32cube.ide.mcu.externaltools.gnu-tools-for-stm32.7-2018-q2-update.win32_1.5.0.202011040924/tools/bin/../lib/gcc/arm-none-eabi/7.3.1/../../../../arm-none-eabi/lib/thumb/v7e-m/fpv5/hard/crt0.o (memset)
c:/st/stm32cubeide_1.3.0/stm32cubeide/plugins/com.st.stm32cube.ide.mcu.externaltools.gnu-tools-for-stm32.7-2018-q2-update.win32_1.5.0.202011040924/tools/bin/../lib/gcc/arm-none-eabi/7.3.1/../../../../arm-none-eabi/lib/thumb/v7e-m/fpv5/hard\libc_nano.a(lib_a-puts.o)
                              Core/Src/main.o (puts)
c:/st/stm32cubeide_1.3.0/stm32cubeide/plugins/com.st.stm32cube.ide.mcu.externaltools.gnu-tools-for-stm32.7-2018-q2-update.win32_1.5.0.202011040924/tools/bin/../lib/gcc/arm-none-eabi/7.3.1/../../../../arm-none-eabi/lib/thumb/v7e-m/fpv5/hard\libc_nano.a(lib_a-wbuf.o)
                              c:/st/stm32cubeide_1.3.0/stm32cubeide/plugins/com.st.stm32cube.ide.mcu.externaltools.gnu-tools-for-stm32.7-2018-q2-update.win32_1.5.0.202011040924/tools/bin/../lib/gcc/arm-none-eabi/7.3.1/../../../../arm-none-eabi/lib/thumb/v7e-m/fpv5/hard\libc_nano.a(lib_a-puts.o) (__swbuf_r)
c:/st/stm32cubeide_1.3.0/stm32cubeide/plugins/com.st.stm32cube.ide.mcu.externaltools.gnu-tools-for-stm32.7-2018-q2-update.win32_1.5.0.202011040924/tools/bin/../lib/gcc/arm-none-eabi/7.3.1/../../../../arm-none-eabi/lib/thumb/v7e-m/fpv5/hard\libc_nano.a(lib_a-wsetup.o)
                              c:/st/stm32cubeide_1.3.0/stm32cubeide/plugins/com.st.stm32cube.ide.mcu.externaltools.gnu-tools-for-stm32.7-2018-q2-update.win32_1.5.0.202011040924/tools/bin/../lib/gcc/arm-none-eabi/7.3.1/../../../../arm-none-eabi/lib/thumb/v7e-m/fpv5/hard\libc_nano.a(lib_a-puts.o) (__swsetup_r)
c:/st/stm32cubeide_1.3.0/stm32cubeide/plugins/com.st.stm32cube.ide.mcu.externaltools.gnu-tools-for-stm32.7-2018-q2-update.win32_1.5.0.202011040924/tools/bin/../lib/gcc/arm-none-eabi/7.3.1/../../../../arm-none-eabi/lib/thumb/v7e-m/fpv5/hard\libc_nano.a(lib_a-fflush.o)
[...]
Memory Configuration

Name             Origin             Length             Attributes
RAM              0x0000000020000000 0x0000000000080000 xrw
FLASH            0x0000000008000000 0x0000000000200000 xr
*default*        0x0000000000000000 0xffffffffffffffff

Linker script and memory map

LOAD c:/st/stm32cubeide_1.3.0/stm32cubeide/plugins/com.st.stm32cube.ide.mcu.externaltools.gnu-tools-for-stm32.7-2018-q2-update.win32_1.5.0.202011040924/tools/bin/../lib/gcc/arm-none-eabi/7.3.1/thumb/v7e-m/fpv5/hard/crti.o
LOAD c:/st/stm32cubeide_1.3.0/stm32cubeide/plugins/com.st.stm32cube.ide.mcu.externaltools.gnu-tools-for-stm32.7-2018-q2-update.win32_1.5.0.202011040924/tools/bin/../lib/gcc/arm-none-eabi/7.3.1/thumb/v7e-m/fpv5/hard/crtbegin.o
LOAD c:/st/stm32cubeide_1.3.0/stm32cubeide/plugins/com.st.stm32cube.ide.mcu.externaltools.gnu-tools-for-stm32.7-2018-q2-update.win32_1.5.0.202011040924/tools/bin/../lib/gcc/arm-none-eabi/7.3.1/../../../../arm-none-eabi/lib/thumb/v7e-m/fpv5/hard/crt0.o
LOAD Core/Src/main.o
LOAD Core/Src/stm32f7xx_hal_msp.o
LOAD Core/Src/stm32f7xx_it.o
LOAD Core/Src/syscalls.o
LOAD Core/Src/sysmem.o
LOAD Core/Src/system_stm32f7xx.o
LOAD Core/Startup/startup_stm32f767zitx.o
LOAD Drivers/STM32F7xx_HAL_Driver/Src/stm32f7xx_hal.o
LOAD Drivers/STM32F7xx_HAL_Driver/Src/stm32f7xx_hal_cortex.o
LOAD Drivers/STM32F7xx_HAL_Driver/Src/stm32f7xx_hal_dma.o
LOAD Drivers/STM32F7xx_HAL_Driver/Src/stm32f7xx_hal_dma_ex.o
LOAD Drivers/STM32F7xx_HAL_Driver/Src/stm32f7xx_hal_eth.o
LOAD Drivers/STM32F7xx_HAL_Driver/Src/stm32f7xx_hal_exti.o
LOAD Drivers/STM32F7xx_HAL_Driver/Src/stm32f7xx_hal_flash.o
LOAD Drivers/STM32F7xx_HAL_Driver/Src/stm32f7xx_hal_flash_ex.o
LOAD Drivers/STM32F7xx_HAL_Driver/Src/stm32f7xx_hal_gpio.o
LOAD Drivers/STM32F7xx_HAL_Driver/Src/stm32f7xx_hal_i2c.o
LOAD Drivers/STM32F7xx_HAL_Driver/Src/stm32f7xx_hal_i2c_ex.o
LOAD Drivers/STM32F7xx_HAL_Driver/Src/stm32f7xx_hal_lptim.o
LOAD Drivers/STM32F7xx_HAL_Driver/Src/stm32f7xx_hal_pwr.o
LOAD Drivers/STM32F7xx_HAL_Driver/Src/stm32f7xx_hal_pwr_ex.o
LOAD Drivers/STM32F7xx_HAL_Driver/Src/stm32f7xx_hal_rcc.o
LOAD Drivers/STM32F7xx_HAL_Driver/Src/stm32f7xx_hal_rcc_ex.o
LOAD Drivers/STM32F7xx_HAL_Driver/Src/stm32f7xx_hal_rng.o
LOAD Drivers/STM32F7xx_HAL_Driver/Src/stm32f7xx_hal_rtc.o
LOAD Drivers/STM32F7xx_HAL_Driver/Src/stm32f7xx_hal_rtc_ex.o
LOAD Drivers/STM32F7xx_HAL_Driver/Src/stm32f7xx_hal_tim.o
LOAD Drivers/STM32F7xx_HAL_Driver/Src/stm32f7xx_hal_tim_ex.o
LOAD Drivers/STM32F7xx_HAL_Driver/Src/stm32f7xx_hal_uart.o
LOAD Drivers/STM32F7xx_HAL_Driver/Src/stm32f7xx_hal_uart_ex.o
LOAD Middleware/FreeRTOS/croutine.o
LOAD Middleware/FreeRTOS/event_groups.o
LOAD Middleware/FreeRTOS/list.o
LOAD Middleware/FreeRTOS/queue.o
LOAD Middleware/FreeRTOS/stream_buffer.o
LOAD Middleware/FreeRTOS/tasks.o
LOAD Middleware/FreeRTOS/timers.o
LOAD Middleware/FreeRTOS/portable/Common/mpu_wrappers.o
LOAD Middleware/FreeRTOS/portable/GCC/ARM_CM7/r0p1/port.o
LOAD Middleware/FreeRTOS/portable/MemMang/heap_4.o
START GROUP
LOAD c:/st/stm32cubeide_1.3.0/stm32cubeide/plugins/com.st.stm32cube.ide.mcu.externaltools.gnu-tools-for-stm32.7-2018-q2-update.win32_1.5.0.202011040924/tools/bin/../lib/gcc/arm-none-eabi/7.3.1/../../../../arm-none-eabi/lib/thumb/v7e-m/fpv5/hard\libc_nano.a
LOAD c:/st/stm32cubeide_1.3.0/stm32cubeide/plugins/com.st.stm32cube.ide.mcu.externaltools.gnu-tools-for-stm32.7-2018-q2-update.win32_1.5.0.202011040924/tools/bin/../lib/gcc/arm-none-eabi/7.3.1/../../../../arm-none-eabi/lib/thumb/v7e-m/fpv5/hard\libm.a
END GROUP
START GROUP
LOAD c:/st/stm32cubeide_1.3.0/stm32cubeide/plugins/com.st.stm32cube.ide.mcu.externaltools.gnu-tools-for-stm32.7-2018-q2-update.win32_1.5.0.202011040924/tools/bin/../lib/gcc/arm-none-eabi/7.3.1/thumb/v7e-m/fpv5/hard\libgcc.a
LOAD c:/st/stm32cubeide_1.3.0/stm32cubeide/plugins/com.st.stm32cube.ide.mcu.externaltools.gnu-tools-for-stm32.7-2018-q2-update.win32_1.5.0.202011040924/tools/bin/../lib/gcc/arm-none-eabi/7.3.1/../../../../arm-none-eabi/lib/thumb/v7e-m/fpv5/hard\libc_nano.a
END GROUP
START GROUP
LOAD c:/st/stm32cubeide_1.3.0/stm32cubeide/plugins/com.st.stm32cube.ide.mcu.externaltools.gnu-tools-for-stm32.7-2018-q2-update.win32_1.5.0.202011040924/tools/bin/../lib/gcc/arm-none-eabi/7.3.1/thumb/v7e-m/fpv5/hard\libgcc.a
LOAD c:/st/stm32cubeide_1.3.0/stm32cubeide/plugins/com.st.stm32cube.ide.mcu.externaltools.gnu-tools-for-stm32.7-2018-q2-update.win32_1.5.0.202011040924/tools/bin/../lib/gcc/arm-none-eabi/7.3.1/../../../../arm-none-eabi/lib/thumb/v7e-m/fpv5/hard\libc_nano.a
LOAD c:/st/stm32cubeide_1.3.0/stm32cubeide/plugins/com.st.stm32cube.ide.mcu.externaltools.gnu-tools-for-stm32.7-2018-q2-update.win32_1.5.0.202011040924/tools/bin/../lib/gcc/arm-none-eabi/7.3.1/../../../../arm-none-eabi/lib/thumb/v7e-m/fpv5/hard\libnosys.a
END GROUP
START GROUP
LOAD c:/st/stm32cubeide_1.3.0/stm32cubeide/plugins/com.st.stm32cube.ide.mcu.externaltools.gnu-tools-for-stm32.7-2018-q2-update.win32_1.5.0.202011040924/tools/bin/../lib/gcc/arm-none-eabi/7.3.1/thumb/v7e-m/fpv5/hard\libgcc.a
LOAD c:/st/stm32cubeide_1.3.0/stm32cubeide/plugins/com.st.stm32cube.ide.mcu.externaltools.gnu-tools-for-stm32.7-2018-q2-update.win32_1.5.0.202011040924/tools/bin/../lib/gcc/arm-none-eabi/7.3.1/../../../../arm-none-eabi/lib/thumb/v7e-m/fpv5/hard\libc_nano.a
LOAD c:/st/stm32cubeide_1.3.0/stm32cubeide/plugins/com.st.stm32cube.ide.mcu.externaltools.gnu-tools-for-stm32.7-2018-q2-update.win32_1.5.0.202011040924/tools/bin/../lib/gcc/arm-none-eabi/7.3.1/../../../../arm-none-eabi/lib/thumb/v7e-m/fpv5/hard\libnosys.a
END GROUP
LOAD c:/st/stm32cubeide_1.3.0/stm32cubeide/plugins/com.st.stm32cube.ide.mcu.externaltools.gnu-tools-for-stm32.7-2018-q2-update.win32_1.5.0.202011040924/tools/bin/../lib/gcc/arm-none-eabi/7.3.1/thumb/v7e-m/fpv5/hard/crtend.o
LOAD c:/st/stm32cubeide_1.3.0/stm32cubeide/plugins/com.st.stm32cube.ide.mcu.externaltools.gnu-tools-for-stm32.7-2018-q2-update.win32_1.5.0.202011040924/tools/bin/../lib/gcc/arm-none-eabi/7.3.1/thumb/v7e-m/fpv5/hard/crtn.o
                0x0000000020080000                _estack = (ORIGIN (RAM) + LENGTH (RAM))
                0x0000000000000200                _Min_Heap_Size = 0x200
                0x0000000000000400                _Min_Stack_Size = 0x400

.isr_vector     0x0000000008000000      0x1f8
                0x0000000008000000                . = ALIGN (0x4)
 *(.isr_vector)
 .isr_vector    0x0000000008000000      0x1f8 Core/Startup/startup_stm32f767zitx.o
                0x0000000008000000                g_pfnVectors
                0x00000000080001f8                . = ALIGN (0x4)

.text           0x0000000008000200     0x74d8
                0x0000000008000200                . = ALIGN (0x4)
 *(.text)
 .text          0x0000000008000200       0x40 c:/st/stm32cubeide_1.3.0/stm32cubeide/plugins/com.st.stm32cube.ide.mcu.externaltools.gnu-tools-for-stm32.7-2018-q2-update.win32_1.5.0.202011040924/tools/bin/../lib/gcc/arm-none-eabi/7.3.1/thumb/v7e-m/fpv5/hard/crtbegin.o
 .text          0x0000000008000240       0x30 c:/st/stm32cubeide_1.3.0/stm32cubeide/plugins/com.st.stm32cube.ide.mcu.externaltools.gnu-tools-for-stm32.7-2018-q2-update.win32_1.5.0.202011040924/tools/bin/../lib/gcc/arm-none-eabi/7.3.1/thumb/v7e-m/fpv5/hard\libgcc.a(_aeabi_uldivmod.o)
                0x0000000008000240                __aeabi_uldivmod
 .text          0x0000000008000270      0x2cc c:/st/stm32cubeide_1.3.0/stm32cubeide/plugins/com.st.stm32cube.ide.mcu.externaltools.gnu-tools-for-stm32.7-2018-q2-update.win32_1.5.0.202011040924/tools/bin/../lib/gcc/arm-none-eabi/7.3.1/thumb/v7e-m/fpv5/hard\libgcc.a(_udivmoddi4.o)
                0x0000000008000270                __udivmoddi4
 .text          0x000000000800053c        0x4 c:/st/stm32cubeide_1.3.0/stm32cubeide/plugins/com.st.stm32cube.ide.mcu.externaltools.gnu-tools-for-stm32.7-2018-q2-update.win32_1.5.0.202011040924/tools/bin/../lib/gcc/arm-none-eabi/7.3.1/thumb/v7e-m/fpv5/hard\libgcc.a(_dvmd_tls.o)
                0x000000000800053c                __aeabi_idiv0
                0x000000000800053c                __aeabi_ldiv0
 *(.text*)
 .text.SCB_EnableICache
                0x0000000008000540       0x40 Core/Src/main.o
 .text.SCB_EnableDCache
                0x0000000008000580       0x80 Core/Src/main.o
 .text._write   0x0000000008000600       0x54 Core/Src/main.o
                0x0000000008000600                _write
 .text.Task1    0x0000000008000654       0x28 Core/Src/main.o
                0x0000000008000654                Task1
 .text.Task2    0x000000000800067c       0x28 Core/Src/main.o
                0x000000000800067c                Task2
 .text.main     0x00000000080006a4       0x84 Core/Src/main.o
                0x00000000080006a4                main
 .text.SystemClock_Config
                0x0000000008000728      0x154 Core/Src/main.o
                0x0000000008000728                SystemClock_Config
 .text.MX_ETH_Init
                0x000000000800087c       0x90 Core/Src/main.o
 .text.MX_LPTIM1_Init
                0x000000000800090c       0x4c Core/Src/main.o
 .text.MX_RNG_Init
                0x0000000008000958       0x28 Core/Src/main.o
 .text.MX_RTC_Init
                0x0000000008000980       0x4c Core/Src/main.o
 .text.MX_USART3_UART_Init
                0x00000000080009cc       0x60 Core/Src/main.o
 .text.MX_GPIO_Init
                0x0000000008000a2c       0x78 Core/Src/main.o
 .text.Error_Handler
                0x0000000008000aa4        0x8 Core/Src/main.o
                0x0000000008000aa4                Error_Handler
 .text.HAL_MspInit
                0x0000000008000aac       0x48 Core/Src/stm32f7xx_hal_msp.o
                0x0000000008000aac                HAL_MspInit
 .text.HAL_ETH_MspInit
                0x0000000008000af4      0x144 Core/Src/stm32f7xx_hal_msp.o
                0x0000000008000af4                HAL_ETH_MspInit
 .text.HAL_LPTIM_MspInit
                0x0000000008000c38       0x4c Core/Src/stm32f7xx_hal_msp.o
                0x0000000008000c38                HAL_LPTIM_MspInit
 .text.HAL_RNG_MspInit
                0x0000000008000c84       0x40 Core/Src/stm32f7xx_hal_msp.o
                0x0000000008000c84                HAL_RNG_MspInit
 .text.HAL_RTC_MspInit
                0x0000000008000cc4       0x34 Core/Src/stm32f7xx_hal_msp.o
                0x0000000008000cc4                HAL_RTC_MspInit
 .text.HAL_UART_MspInit
                0x0000000008000cf8       0x98 Core/Src/stm32f7xx_hal_msp.o
                0x0000000008000cf8                HAL_UART_MspInit
 .text.NMI_Handler
                0x0000000008000d90        0x6 Core/Src/stm32f7xx_it.o
                0x0000000008000d90                NMI_Handler
 .text.HardFault_Handler
                0x0000000008000d96        0x6 Core/Src/stm32f7xx_it.o
                0x0000000008000d96                HardFault_Handler
 .text.MemManage_Handler
                0x0000000008000d9c        0x6 Core/Src/stm32f7xx_it.o
                0x0000000008000d9c                MemManage_Handler
 .text.BusFault_Handler
                0x0000000008000da2        0x6 Core/Src/stm32f7xx_it.o
                0x0000000008000da2                BusFault_Handler
 .text.UsageFault_Handler
                0x0000000008000da8        0x6 Core/Src/stm32f7xx_it.o
                0x0000000008000da8                UsageFault_Handler
 .text.DebugMon_Handler
                0x0000000008000dae        0xe Core/Src/stm32f7xx_it.o
                0x0000000008000dae                DebugMon_Handler
 .text.SysTick_Handler
                0x0000000008000dbc        0xc Core/Src/stm32f7xx_it.o
                0x0000000008000dbc                SysTick_Handler
 .text.USART3_IRQHandler
                0x0000000008000dc8       0x14 Core/Src/stm32f7xx_it.o
                0x0000000008000dc8                USART3_IRQHandler
 .text.ETH_IRQHandler
                0x0000000008000ddc       0x14 Core/Src/stm32f7xx_it.o
                0x0000000008000ddc                ETH_IRQHandler
 .text.LPTIM1_IRQHandler
                0x0000000008000df0       0x20 Core/Src/stm32f7xx_it.o
                0x0000000008000df0                LPTIM1_IRQHandler
 .text._read    0x0000000008000e10       0x3a Core/Src/syscalls.o
                0x0000000008000e10                _read
 .text._close   0x0000000008000e4a       0x18 Core/Src/syscalls.o
                0x0000000008000e4a                _close
 .text._fstat   0x0000000008000e62       0x20 Core/Src/syscalls.o
                0x0000000008000e62                _fstat
 .text._isatty  0x0000000008000e82       0x16 Core/Src/syscalls.o
                0x0000000008000e82                _isatty
 .text._lseek   0x0000000008000e98       0x1a Core/Src/syscalls.o
                0x0000000008000e98                _lseek
 *fill*         0x0000000008000eb2        0x2 
 .text._sbrk    0x0000000008000eb4       0x6c Core/Src/sysmem.o
                0x0000000008000eb4                _sbrk
 .text.SystemInit
                0x0000000008000f20       0x2c Core/Src/system_stm32f7xx.o
                0x0000000008000f20                SystemInit
 .text.Reset_Handler
                0x0000000008000f4c       0x50 Core/Startup/startup_stm32f767zitx.o
                0x0000000008000f4c                Reset_Handler
 .text.Default_Handler
                0x0000000008000f9c        0x2 Core/Startup/startup_stm32f767zitx.o
                0x0000000008000f9c                RTC_Alarm_IRQHandler
                0x0000000008000f9c                EXTI2_IRQHandler
                0x0000000008000f9c                TIM8_CC_IRQHandler
                0x0000000008000f9c                UART8_IRQHandler
                0x0000000008000f9c                SPI4_IRQHandler
                0x0000000008000f9c                TIM1_CC_IRQHandler
                0x0000000008000f9c                DMA2_Stream5_IRQHandler
                0x0000000008000f9c                JPEG_IRQHandler
                0x0000000008000f9c                DMA1_Stream5_IRQHandler
                0x0000000008000f9c                CAN3_RX1_IRQHandler
                0x0000000008000f9c                PVD_IRQHandler
                0x0000000008000f9c                TAMP_STAMP_IRQHandler
                0x0000000008000f9c                CAN2_RX1_IRQHandler
                0x0000000008000f9c                EXTI3_IRQHandler
                0x0000000008000f9c                TIM8_TRG_COM_TIM14_IRQHandler
                0x0000000008000f9c                DFSDM1_FLT1_IRQHandler
                0x0000000008000f9c                TIM1_UP_TIM10_IRQHandler
                0x0000000008000f9c                TIM8_UP_TIM13_IRQHandler
                0x0000000008000f9c                I2C3_ER_IRQHandler
                0x0000000008000f9c                DFSDM1_FLT2_IRQHandler
                0x0000000008000f9c                EXTI0_IRQHandler
                0x0000000008000f9c                I2C2_EV_IRQHandler
                0x0000000008000f9c                DMA1_Stream2_IRQHandler
                0x0000000008000f9c                CAN1_RX0_IRQHandler
                0x0000000008000f9c                FPU_IRQHandler
                0x0000000008000f9c                OTG_HS_WKUP_IRQHandler
                0x0000000008000f9c                CAN3_SCE_IRQHandler
                0x0000000008000f9c                LTDC_ER_IRQHandler
                0x0000000008000f9c                CAN2_SCE_IRQHandler
                0x0000000008000f9c                DMA2_Stream2_IRQHandler
                0x0000000008000f9c                SPI1_IRQHandler
                0x0000000008000f9c                TIM6_DAC_IRQHandler
                0x0000000008000f9c                TIM1_BRK_TIM9_IRQHandler
                0x0000000008000f9c                DCMI_IRQHandler
                0x0000000008000f9c                CAN2_RX0_IRQHandler
                0x0000000008000f9c                DMA2_Stream3_IRQHandler
                0x0000000008000f9c                SAI2_IRQHandler
                0x0000000008000f9c                DFSDM1_FLT3_IRQHandler
                0x0000000008000f9c                USART6_IRQHandler
                0x0000000008000f9c                CAN3_RX0_IRQHandler
                0x0000000008000f9c                CAN1_RX1_IRQHandler
                0x0000000008000f9c                UART5_IRQHandler
                0x0000000008000f9c                DMA2_Stream0_IRQHandler
                0x0000000008000f9c                TIM4_IRQHandler
                0x0000000008000f9c                QUADSPI_IRQHandler
                0x0000000008000f9c                I2C1_EV_IRQHandler
                0x0000000008000f9c                DMA1_Stream6_IRQHandler
                0x0000000008000f9c                DMA1_Stream1_IRQHandler
                0x0000000008000f9c                UART4_IRQHandler
                0x0000000008000f9c                TIM3_IRQHandler
                0x0000000008000f9c                RCC_IRQHandler
                0x0000000008000f9c                TIM8_BRK_TIM12_IRQHandler
                0x0000000008000f9c                Default_Handler
                0x0000000008000f9c                CEC_IRQHandler
                0x0000000008000f9c                EXTI15_10_IRQHandler
                0x0000000008000f9c                ADC_IRQHandler
                0x0000000008000f9c                DMA1_Stream7_IRQHandler
                0x0000000008000f9c                SPI5_IRQHandler
                0x0000000008000f9c                TIM7_IRQHandler
                0x0000000008000f9c                SDMMC1_IRQHandler
                0x0000000008000f9c                CAN2_TX_IRQHandler
                0x0000000008000f9c                TIM5_IRQHandler
                0x0000000008000f9c                DMA2_Stream7_IRQHandler
                0x0000000008000f9c                I2C3_EV_IRQHandler
                0x0000000008000f9c                EXTI9_5_IRQHandler
                0x0000000008000f9c                RTC_WKUP_IRQHandler
                0x0000000008000f9c                LTDC_IRQHandler
                0x0000000008000f9c                ETH_WKUP_IRQHandler
                0x0000000008000f9c                SPDIF_RX_IRQHandler
                0x0000000008000f9c                SPI2_IRQHandler
                0x0000000008000f9c                OTG_HS_EP1_IN_IRQHandler
                0x0000000008000f9c                DMA1_Stream0_IRQHandler
                0x0000000008000f9c                CAN1_TX_IRQHandler
                0x0000000008000f9c                EXTI4_IRQHandler
                0x0000000008000f9c                RNG_IRQHandler
                0x0000000008000f9c                OTG_HS_EP1_OUT_IRQHandler
                0x0000000008000f9c                WWDG_IRQHandler
                0x0000000008000f9c                SPI6_IRQHandler
                0x0000000008000f9c                MDIOS_IRQHandler
                0x0000000008000f9c                I2C4_EV_IRQHandler
                0x0000000008000f9c                CAN3_TX_IRQHandler
                0x0000000008000f9c                TIM2_IRQHandler
                0x0000000008000f9c                OTG_FS_WKUP_IRQHandler
                0x0000000008000f9c                TIM1_TRG_COM_TIM11_IRQHandler
                0x0000000008000f9c                OTG_HS_IRQHandler
                0x0000000008000f9c                DMA2D_IRQHandler
                0x0000000008000f9c                EXTI1_IRQHandler
                0x0000000008000f9c                SDMMC2_IRQHandler
                0x0000000008000f9c                UART7_IRQHandler
                0x0000000008000f9c                USART2_IRQHandler
                0x0000000008000f9c                DFSDM1_FLT0_IRQHandler
                0x0000000008000f9c                I2C2_ER_IRQHandler
                0x0000000008000f9c                DMA2_Stream1_IRQHandler
                0x0000000008000f9c                CAN1_SCE_IRQHandler
                0x0000000008000f9c                FLASH_IRQHandler
                0x0000000008000f9c                DMA2_Stream4_IRQHandler
                0x0000000008000f9c                USART1_IRQHandler
                0x0000000008000f9c                OTG_FS_IRQHandler
                0x0000000008000f9c                SPI3_IRQHandler
                0x0000000008000f9c                DMA1_Stream4_IRQHandler
                0x0000000008000f9c                I2C1_ER_IRQHandler
                0x0000000008000f9c                FMC_IRQHandler
                0x0000000008000f9c                I2C4_ER_IRQHandler
                0x0000000008000f9c                DMA2_Stream6_IRQHandler
                0x0000000008000f9c                SAI1_IRQHandler
                0x0000000008000f9c                DMA1_Stream3_IRQHandler
 *fill*         0x0000000008000f9e        0x2 
 .text.HAL_Init
                0x0000000008000fa0       0x2c Drivers/STM32F7xx_HAL_Driver/Src/stm32f7xx_hal.o
                0x0000000008000fa0                HAL_Init
 .text.HAL_InitTick
                0x0000000008000fcc       0x60 Drivers/STM32F7xx_HAL_Driver/Src/stm32f7xx_hal.o
                0x0000000008000fcc                HAL_InitTick
 .text.HAL_IncTick
                0x000000000800102c       0x28 Drivers/STM32F7xx_HAL_Driver/Src/stm32f7xx_hal.o
                0x000000000800102c                HAL_IncTick
 .text.HAL_GetTick
                0x0000000008001054       0x18 Drivers/STM32F7xx_HAL_Driver/Src/stm32f7xx_hal.o
                0x0000000008001054                HAL_GetTick
 .text.HAL_Delay
                0x000000000800106c       0x44 Drivers/STM32F7xx_HAL_Driver/Src/stm32f7xx_hal.o
                0x000000000800106c                HAL_Delay
 .text.__NVIC_SetPriorityGrouping
                0x00000000080010b0       0x48 Drivers/STM32F7xx_HAL_Driver/Src/stm32f7xx_hal_cortex.o
 .text.__NVIC_GetPriorityGrouping
                0x00000000080010f8       0x1c Drivers/STM32F7xx_HAL_Driver/Src/stm32f7xx_hal_cortex.o
 .text.__NVIC_EnableIRQ
                0x0000000008001114       0x3c Drivers/STM32F7xx_HAL_Driver/Src/stm32f7xx_hal_cortex.o
 .text.__NVIC_SetPriority
                0x0000000008001150       0x54 Drivers/STM32F7xx_HAL_Driver/Src/stm32f7xx_hal_cortex.o
 .text.NVIC_EncodePriority
                0x00000000080011a4       0x66 Drivers/STM32F7xx_HAL_Driver/Src/stm32f7xx_hal_cortex.o
 *fill*         0x000000000800120a        0x2 
 .text.SysTick_Config
                0x000000000800120c       0x44 Drivers/STM32F7xx_HAL_Driver/Src/stm32f7xx_hal_cortex.o
 .text.HAL_NVIC_SetPriorityGrouping
                0x0000000008001250       0x16 Drivers/STM32F7xx_HAL_Driver/Src/stm32f7xx_hal_cortex.o
                0x0000000008001250                HAL_NVIC_SetPriorityGrouping
 .text.HAL_NVIC_SetPriority
                0x0000000008001266       0x38 Drivers/STM32F7xx_HAL_Driver/Src/stm32f7xx_hal_cortex.o
                0x0000000008001266                HAL_NVIC_SetPriority
 .text.HAL_NVIC_EnableIRQ
                0x000000000800129e       0x1c Drivers/STM32F7xx_HAL_Driver/Src/stm32f7xx_hal_cortex.o
                0x000000000800129e                HAL_NVIC_EnableIRQ
 .text.HAL_SYSTICK_Config
                0x00000000080012ba       0x18 Drivers/STM32F7xx_HAL_Driver/Src/stm32f7xx_hal_cortex.o
                0x00000000080012ba                HAL_SYSTICK_Config
 .text.HAL_DMA_Abort_IT
                0x00000000080012d2       0x44 Drivers/STM32F7xx_HAL_Driver/Src/stm32f7xx_hal_dma.o
                0x00000000080012d2                HAL_DMA_Abort_IT
 *fill*         0x0000000008001316        0x2 
 .text.HAL_ETH_Init
                0x0000000008001318      0x338 Drivers/STM32F7xx_HAL_Driver/Src/stm32f7xx_hal_eth.o
                0x0000000008001318                HAL_ETH_Init
 .text.HAL_ETH_IRQHandler
                0x0000000008001650       0xce Drivers/STM32F7xx_HAL_Driver/Src/stm32f7xx_hal_eth.o
                0x0000000008001650                HAL_ETH_IRQHandler
 .text.HAL_ETH_TxCpltCallback
                0x000000000800171e       0x14 Drivers/STM32F7xx_HAL_Driver/Src/stm32f7xx_hal_eth.o
                0x000000000800171e                HAL_ETH_TxCpltCallback
 .text.HAL_ETH_RxCpltCallback
                0x0000000008001732       0x14 Drivers/STM32F7xx_HAL_Driver/Src/stm32f7xx_hal_eth.o
                0x0000000008001732                HAL_ETH_RxCpltCallback
 .text.HAL_ETH_ErrorCallback
                0x0000000008001746       0x14 Drivers/STM32F7xx_HAL_Driver/Src/stm32f7xx_hal_eth.o
                0x0000000008001746                HAL_ETH_ErrorCallback
 .text.HAL_ETH_ReadPHYRegister
                0x000000000800175a       0xd0 Drivers/STM32F7xx_HAL_Driver/Src/stm32f7xx_hal_eth.o
                0x000000000800175a                HAL_ETH_ReadPHYRegister
 .text.HAL_ETH_WritePHYRegister
                0x000000000800182a       0xcc Drivers/STM32F7xx_HAL_Driver/Src/stm32f7xx_hal_eth.o
                0x000000000800182a                HAL_ETH_WritePHYRegister
 *fill*         0x00000000080018f6        0x2 
 .text.ETH_MACDMAConfig
                0x00000000080018f8      0x394 Drivers/STM32F7xx_HAL_Driver/Src/stm32f7xx_hal_eth.o
 .text.ETH_MACAddressConfig
                0x0000000008001c8c       0x70 Drivers/STM32F7xx_HAL_Driver/Src/stm32f7xx_hal_eth.o
 .text.HAL_GPIO_Init
                0x0000000008001cfc      0x354 Drivers/STM32F7xx_HAL_Driver/Src/stm32f7xx_hal_gpio.o
                0x0000000008001cfc                HAL_GPIO_Init
 .text.HAL_LPTIM_Init
                0x0000000008002050      0x100 Drivers/STM32F7xx_HAL_Driver/Src/stm32f7xx_hal_lptim.o
                0x0000000008002050                HAL_LPTIM_Init
 .text.HAL_LPTIM_Counter_Start_IT
                0x0000000008002150       0xec Drivers/STM32F7xx_HAL_Driver/Src/stm32f7xx_hal_lptim.o
                0x0000000008002150                HAL_LPTIM_Counter_Start_IT
 .text.HAL_LPTIM_IRQHandler
                0x000000000800223c      0x144 Drivers/STM32F7xx_HAL_Driver/Src/stm32f7xx_hal_lptim.o
                0x000000000800223c                HAL_LPTIM_IRQHandler
 .text.HAL_LPTIM_CompareMatchCallback
                0x0000000008002380       0x14 Drivers/STM32F7xx_HAL_Driver/Src/stm32f7xx_hal_lptim.o
                0x0000000008002380                HAL_LPTIM_CompareMatchCallback
 .text.HAL_LPTIM_AutoReloadMatchCallback
                0x0000000008002394       0x14 Drivers/STM32F7xx_HAL_Driver/Src/stm32f7xx_hal_lptim.o
                0x0000000008002394                HAL_LPTIM_AutoReloadMatchCallback
 .text.HAL_LPTIM_TriggerCallback
                0x00000000080023a8       0x14 Drivers/STM32F7xx_HAL_Driver/Src/stm32f7xx_hal_lptim.o
                0x00000000080023a8                HAL_LPTIM_TriggerCallback
 .text.HAL_LPTIM_CompareWriteCallback
                0x00000000080023bc       0x14 Drivers/STM32F7xx_HAL_Driver/Src/stm32f7xx_hal_lptim.o
                0x00000000080023bc                HAL_LPTIM_CompareWriteCallback
 .text.HAL_LPTIM_AutoReloadWriteCallback
                0x00000000080023d0       0x14 Drivers/STM32F7xx_HAL_Driver/Src/stm32f7xx_hal_lptim.o
                0x00000000080023d0                HAL_LPTIM_AutoReloadWriteCallback
 .text.HAL_LPTIM_DirectionUpCallback
                0x00000000080023e4       0x14 Drivers/STM32F7xx_HAL_Driver/Src/stm32f7xx_hal_lptim.o
                0x00000000080023e4                HAL_LPTIM_DirectionUpCallback
 .text.HAL_LPTIM_DirectionDownCallback
                0x00000000080023f8       0x14 Drivers/STM32F7xx_HAL_Driver/Src/stm32f7xx_hal_lptim.o
                0x00000000080023f8                HAL_LPTIM_DirectionDownCallback
 .text.HAL_LPTIM_GetState
                0x000000000800240c       0x1c Drivers/STM32F7xx_HAL_Driver/Src/stm32f7xx_hal_lptim.o
                0x000000000800240c                HAL_LPTIM_GetState
 .text.LPTIM_WaitForFlag
                0x0000000008002428       0x60 Drivers/STM32F7xx_HAL_Driver/Src/stm32f7xx_hal_lptim.o
 .text.LPTIM_Disable
                0x0000000008002488      0x170 Drivers/STM32F7xx_HAL_Driver/Src/stm32f7xx_hal_lptim.o
                0x0000000008002488                LPTIM_Disable
 .text.HAL_PWR_EnableBkUpAccess
                0x00000000080025f8       0x20 Drivers/STM32F7xx_HAL_Driver/Src/stm32f7xx_hal_pwr.o
                0x00000000080025f8                HAL_PWR_EnableBkUpAccess
 .text.HAL_PWREx_EnableOverDrive
                0x0000000008002618       0xa0 Drivers/STM32F7xx_HAL_Driver/Src/stm32f7xx_hal_pwr_ex.o
                0x0000000008002618                HAL_PWREx_EnableOverDrive
 .text.HAL_RCC_OscConfig
                0x00000000080026b8      0x55c Drivers/STM32F7xx_HAL_Driver/Src/stm32f7xx_hal_rcc.o
                0x00000000080026b8                HAL_RCC_OscConfig
 .text.HAL_RCC_ClockConfig
                0x0000000008002c14      0x1d8 Drivers/STM32F7xx_HAL_Driver/Src/stm32f7xx_hal_rcc.o
                0x0000000008002c14                HAL_RCC_ClockConfig
 .text.HAL_RCC_GetSysClockFreq
                0x0000000008002dec      0x164 Drivers/STM32F7xx_HAL_Driver/Src/stm32f7xx_hal_rcc.o
                0x0000000008002dec                HAL_RCC_GetSysClockFreq
 .text.HAL_RCC_GetHCLKFreq
                0x0000000008002f50       0x18 Drivers/STM32F7xx_HAL_Driver/Src/stm32f7xx_hal_rcc.o
                0x0000000008002f50                HAL_RCC_GetHCLKFreq
 .text.HAL_RCC_GetPCLK1Freq
                0x0000000008002f68       0x28 Drivers/STM32F7xx_HAL_Driver/Src/stm32f7xx_hal_rcc.o
                0x0000000008002f68                HAL_RCC_GetPCLK1Freq
 .text.HAL_RCC_GetPCLK2Freq
                0x0000000008002f90       0x28 Drivers/STM32F7xx_HAL_Driver/Src/stm32f7xx_hal_rcc.o
                0x0000000008002f90                HAL_RCC_GetPCLK2Freq
 .text.HAL_RCCEx_PeriphCLKConfig
                0x0000000008002fb8      0x84c Drivers/STM32F7xx_HAL_Driver/Src/stm32f7xx_hal_rcc_ex.o
                0x0000000008002fb8                HAL_RCCEx_PeriphCLKConfig
 .text.HAL_RNG_Init
                0x0000000008003804       0x54 Drivers/STM32F7xx_HAL_Driver/Src/stm32f7xx_hal_rng.o
                0x0000000008003804                HAL_RNG_Init
 .text.HAL_RTC_Init
                0x0000000008003858       0xf8 Drivers/STM32F7xx_HAL_Driver/Src/stm32f7xx_hal_rtc.o
                0x0000000008003858                HAL_RTC_Init
 .text.RTC_EnterInitMode
                0x0000000008003950       0x58 Drivers/STM32F7xx_HAL_Driver/Src/stm32f7xx_hal_rtc.o
                0x0000000008003950                RTC_EnterInitMode
 .text.HAL_UART_Init
                0x00000000080039a8       0x9c Drivers/STM32F7xx_HAL_Driver/Src/stm32f7xx_hal_uart.o
                0x00000000080039a8                HAL_UART_Init
 .text.HAL_UART_Transmit
                0x0000000008003a44      0x122 Drivers/STM32F7xx_HAL_Driver/Src/stm32f7xx_hal_uart.o
                0x0000000008003a44                HAL_UART_Transmit
 *fill*         0x0000000008003b66        0x2 
 .text.HAL_UART_IRQHandler
                0x0000000008003b68      0x28c Drivers/STM32F7xx_HAL_Driver/Src/stm32f7xx_hal_uart.o
                0x0000000008003b68                HAL_UART_IRQHandler
 .text.HAL_UART_TxCpltCallback
                0x0000000008003df4       0x14 Drivers/STM32F7xx_HAL_Driver/Src/stm32f7xx_hal_uart.o
                0x0000000008003df4                HAL_UART_TxCpltCallback
 .text.HAL_UART_ErrorCallback
                0x0000000008003e08       0x14 Drivers/STM32F7xx_HAL_Driver/Src/stm32f7xx_hal_uart.o
                0x0000000008003e08                HAL_UART_ErrorCallback
 .text.HAL_UARTEx_WakeupCallback
                0x0000000008003e1c       0x14 Drivers/STM32F7xx_HAL_Driver/Src/stm32f7xx_hal_uart.o
                0x0000000008003e1c                HAL_UARTEx_WakeupCallback
 .text.UART_SetConfig
                0x0000000008003e30      0x554 Drivers/STM32F7xx_HAL_Driver/Src/stm32f7xx_hal_uart.o
                0x0000000008003e30                UART_SetConfig
 .text.UART_AdvFeatureConfig
                0x0000000008004384      0x144 Drivers/STM32F7xx_HAL_Driver/Src/stm32f7xx_hal_uart.o
                0x0000000008004384                UART_AdvFeatureConfig
 .text.UART_CheckIdleState
                0x00000000080044c8       0x8a Drivers/STM32F7xx_HAL_Driver/Src/stm32f7xx_hal_uart.o
                0x00000000080044c8                UART_CheckIdleState
 .text.UART_WaitOnFlagUntilTimeout
                0x0000000008004552       0xf6 Drivers/STM32F7xx_HAL_Driver/Src/stm32f7xx_hal_uart.o
                0x0000000008004552                UART_WaitOnFlagUntilTimeout
 .text.UART_EndRxTransfer
                0x0000000008004648       0x40 Drivers/STM32F7xx_HAL_Driver/Src/stm32f7xx_hal_uart.o
 .text.UART_DMAAbortOnError
                0x0000000008004688       0x2c Drivers/STM32F7xx_HAL_Driver/Src/stm32f7xx_hal_uart.o
 .text.UART_EndTransmit_IT
                0x00000000080046b4       0x32 Drivers/STM32F7xx_HAL_Driver/Src/stm32f7xx_hal_uart.o
 .text.vListInitialise
                0x00000000080046e6       0x40 Middleware/FreeRTOS/list.o
                0x00000000080046e6                vListInitialise
 .text.vListInitialiseItem
                0x0000000008004726       0x1a Middleware/FreeRTOS/list.o
                0x0000000008004726                vListInitialiseItem
 .text.vListInsertEnd
                0x0000000008004740       0x48 Middleware/FreeRTOS/list.o
                0x0000000008004740                vListInsertEnd
 .text.vListInsert
                0x0000000008004788       0x72 Middleware/FreeRTOS/list.o
                0x0000000008004788                vListInsert
 .text.uxListRemove
                0x00000000080047fa       0x54 Middleware/FreeRTOS/list.o
                0x00000000080047fa                uxListRemove
 *fill*         0x000000000800484e        0x2 
 .text.xQueueGenericReset
                0x0000000008004850       0xd4 Middleware/FreeRTOS/queue.o
                0x0000000008004850                xQueueGenericReset
 .text.xQueueGenericCreate
                0x0000000008004924       0xc4 Middleware/FreeRTOS/queue.o
                0x0000000008004924                xQueueGenericCreate
 .text.prvInitialiseNewQueue
                0x00000000080049e8       0x3e Middleware/FreeRTOS/queue.o
 *fill*         0x0000000008004a26        0x2 
 .text.xQueueGenericSend
                0x0000000008004a28      0x204 Middleware/FreeRTOS/queue.o
                0x0000000008004a28                xQueueGenericSend
 .text.xQueueGenericSendFromISR
                0x0000000008004c2c      0x15e Middleware/FreeRTOS/queue.o
                0x0000000008004c2c                xQueueGenericSendFromISR
 *fill*         0x0000000008004d8a        0x2 
 .text.xQueueReceive
                0x0000000008004d8c      0x1c4 Middleware/FreeRTOS/queue.o
                0x0000000008004d8c                xQueueReceive
 .text.prvCopyDataToQueue
                0x0000000008004f50       0xd4 Middleware/FreeRTOS/queue.o
 .text.prvCopyDataFromQueue
                0x0000000008005024       0x4c Middleware/FreeRTOS/queue.o
 .text.prvUnlockQueue
                0x0000000008005070       0xa4 Middleware/FreeRTOS/queue.o
 .text.prvIsQueueEmpty
                0x0000000008005114       0x2c Middleware/FreeRTOS/queue.o
 .text.prvIsQueueFull
                0x0000000008005140       0x30 Middleware/FreeRTOS/queue.o
 .text.vQueueAddToRegistry
                0x0000000008005170       0x50 Middleware/FreeRTOS/queue.o
                0x0000000008005170                vQueueAddToRegistry
 .text.vQueueWaitForMessageRestricted
                0x00000000080051c0       0x68 Middleware/FreeRTOS/queue.o
                0x00000000080051c0                vQueueWaitForMessageRestricted
 .text.xTaskCreate
                0x0000000008005228       0x82 Middleware/FreeRTOS/tasks.o
                0x0000000008005228                xTaskCreate
 .text.prvInitialiseNewTask
                0x00000000080052aa      0x12c Middleware/FreeRTOS/tasks.o
 *fill*         0x00000000080053d6        0x2 
 .text.prvAddNewTaskToReadyList
                0x00000000080053d8       0xd8 Middleware/FreeRTOS/tasks.o
 .text.vTaskDelay
                0x00000000080054b0       0x6c Middleware/FreeRTOS/tasks.o
                0x00000000080054b0                vTaskDelay
 .text.vTaskStartScheduler
                0x000000000800551c       0xa8 Middleware/FreeRTOS/tasks.o
                0x000000000800551c                vTaskStartScheduler
 .text.vTaskSuspendAll
                0x00000000080055c4       0x1c Middleware/FreeRTOS/tasks.o
                0x00000000080055c4                vTaskSuspendAll
 .text.xTaskResumeAll
                0x00000000080055e0      0x13c Middleware/FreeRTOS/tasks.o
                0x00000000080055e0                xTaskResumeAll
 .text.xTaskGetTickCount
                0x000000000800571c       0x20 Middleware/FreeRTOS/tasks.o
                0x000000000800571c                xTaskGetTickCount
 .text.xTaskIncrementTick
                0x000000000800573c      0x158 Middleware/FreeRTOS/tasks.o
                0x000000000800573c                xTaskIncrementTick
 .text.vTaskSwitchContext
                0x0000000008005894       0xbc Middleware/FreeRTOS/tasks.o
                0x0000000008005894                vTaskSwitchContext
 .text.vTaskPlaceOnEventList
                0x0000000008005950       0x4c Middleware/FreeRTOS/tasks.o
                0x0000000008005950                vTaskPlaceOnEventList
 .text.vTaskPlaceOnEventListRestricted
                0x000000000800599c       0x58 Middleware/FreeRTOS/tasks.o
                0x000000000800599c                vTaskPlaceOnEventListRestricted
 .text.xTaskRemoveFromEventList
                0x00000000080059f4       0xc8 Middleware/FreeRTOS/tasks.o
                0x00000000080059f4                xTaskRemoveFromEventList
 .text.vTaskInternalSetTimeOutState
                0x0000000008005abc       0x2c Middleware/FreeRTOS/tasks.o
                0x0000000008005abc                vTaskInternalSetTimeOutState
 .text.xTaskCheckForTimeOut
                0x0000000008005ae8       0xd0 Middleware/FreeRTOS/tasks.o
                0x0000000008005ae8                xTaskCheckForTimeOut
 .text.vTaskMissedYield
                0x0000000008005bb8       0x18 Middleware/FreeRTOS/tasks.o
                0x0000000008005bb8                vTaskMissedYield
 .text.prvIdleTask
                0x0000000008005bd0        0xe Middleware/FreeRTOS/tasks.o
 *fill*         0x0000000008005bde        0x2 
 .text.prvInitialiseTaskLists
                0x0000000008005be0       0x80 Middleware/FreeRTOS/tasks.o
 .text.prvCheckTasksWaitingTermination
                0x0000000008005c60       0x58 Middleware/FreeRTOS/tasks.o
 .text.prvDeleteTCB
                0x0000000008005cb8       0x20 Middleware/FreeRTOS/tasks.o
 .text.prvResetNextTaskUnblockTime
                0x0000000008005cd8       0x38 Middleware/FreeRTOS/tasks.o
 .text.xTaskGetSchedulerState
                0x0000000008005d10       0x3c Middleware/FreeRTOS/tasks.o
                0x0000000008005d10                xTaskGetSchedulerState
 .text.xTaskPriorityDisinherit
                0x0000000008005d4c       0xe0 Middleware/FreeRTOS/tasks.o
                0x0000000008005d4c                xTaskPriorityDisinherit
 .text.prvAddCurrentTaskToDelayedList
                0x0000000008005e2c       0xa8 Middleware/FreeRTOS/tasks.o
 .text.xTimerCreateTimerTask
                0x0000000008005ed4       0x64 Middleware/FreeRTOS/timers.o
                0x0000000008005ed4                xTimerCreateTimerTask
 .text.xTimerGenericCommand
                0x0000000008005f38       0x9c Middleware/FreeRTOS/timers.o
                0x0000000008005f38                xTimerGenericCommand
 .text.prvProcessExpiredTimer
                0x0000000008005fd4       0x9c Middleware/FreeRTOS/timers.o
 .text.prvTimerTask
                0x0000000008006070       0x24 Middleware/FreeRTOS/timers.o
 .text.prvProcessTimerOrBlockTask
                0x0000000008006094       0x9c Middleware/FreeRTOS/timers.o
 .text.prvGetNextExpireTime
                0x0000000008006130       0x48 Middleware/FreeRTOS/timers.o
 .text.prvSampleTimeNow
                0x0000000008006178       0x40 Middleware/FreeRTOS/timers.o
 .text.prvInsertTimerInActiveList
                0x00000000080061b8       0x84 Middleware/FreeRTOS/timers.o
 .text.prvProcessReceivedCommands
                0x000000000800623c      0x190 Middleware/FreeRTOS/timers.o
 .text.prvSwitchTimerLists
                0x00000000080063cc       0xcc Middleware/FreeRTOS/timers.o
 .text.prvCheckForValidListAndQueue
                0x0000000008006498       0x6c Middleware/FreeRTOS/timers.o
 .text.pxPortInitialiseStack
                0x0000000008006504       0x68 Middleware/FreeRTOS/portable/GCC/ARM_CM7/r0p1/port.o
                0x0000000008006504                pxPortInitialiseStack
 .text.prvTaskExitError
                0x000000000800656c       0x5c Middleware/FreeRTOS/portable/GCC/ARM_CM7/r0p1/port.o
 *fill*         0x00000000080065c8        0x8 
 .text.SVC_Handler
                0x00000000080065d0       0x28 Middleware/FreeRTOS/portable/GCC/ARM_CM7/r0p1/port.o
                0x00000000080065d0                SVC_Handler
 .text.prvPortStartFirstTask
                0x00000000080065f8       0x2c Middleware/FreeRTOS/portable/GCC/ARM_CM7/r0p1/port.o
 .text.xPortStartScheduler
                0x0000000008006624       0xf8 Middleware/FreeRTOS/portable/GCC/ARM_CM7/r0p1/port.o
                0x0000000008006624                xPortStartScheduler
 .text.vPortEnterCritical
                0x000000000800671c       0x64 Middleware/FreeRTOS/portable/GCC/ARM_CM7/r0p1/port.o
                0x000000000800671c                vPortEnterCritical
 .text.vPortExitCritical
                0x0000000008006780       0x54 Middleware/FreeRTOS/portable/GCC/ARM_CM7/r0p1/port.o
                0x0000000008006780                vPortExitCritical
 *fill*         0x00000000080067d4        0xc 
 .text.PendSV_Handler
                0x00000000080067e0       0x68 Middleware/FreeRTOS/portable/GCC/ARM_CM7/r0p1/port.o
                0x00000000080067e0                PendSV_Handler
 .text.xPortSysTickHandler
                0x0000000008006848       0x44 Middleware/FreeRTOS/portable/GCC/ARM_CM7/r0p1/port.o
                0x0000000008006848                xPortSysTickHandler
 .text.vPortSetupTimerInterrupt
                0x000000000800688c       0x48 Middleware/FreeRTOS/portable/GCC/ARM_CM7/r0p1/port.o
                0x000000000800688c                vPortSetupTimerInterrupt
 .text.vPortEnableVFP
                0x00000000080068d4       0x18 Middleware/FreeRTOS/portable/GCC/ARM_CM7/r0p1/port.o
 .text.vPortValidateInterruptPriority
                0x00000000080068ec       0x84 Middleware/FreeRTOS/portable/GCC/ARM_CM7/r0p1/port.o
                0x00000000080068ec                vPortValidateInterruptPriority
 .text.pvPortMalloc
                0x0000000008006970      0x1c4 Middleware/FreeRTOS/portable/MemMang/heap_4.o
                0x0000000008006970                pvPortMalloc
 .text.vPortFree
                0x0000000008006b34       0xc8 Middleware/FreeRTOS/portable/MemMang/heap_4.o
                0x0000000008006b34                vPortFree
 .text.prvHeapInit
                0x0000000008006bfc       0xc4 Middleware/FreeRTOS/portable/MemMang/heap_4.o
 .text.prvInsertBlockIntoFreeList
                0x0000000008006cc0       0xb4 Middleware/FreeRTOS/portable/MemMang/heap_4.o
 .text.__errno  0x0000000008006d74        0xc c:/st/stm32cubeide_1.3.0/stm32cubeide/plugins/com.st.stm32cube.ide.mcu.externaltools.gnu-tools-for-stm32.7-2018-q2-update.win32_1.5.0.202011040924/tools/bin/../lib/gcc/arm-none-eabi/7.3.1/../../../../arm-none-eabi/lib/thumb/v7e-m/fpv5/hard\libc_nano.a(lib_a-errno.o)
                0x0000000008006d74                __errno
 .text.__libc_init_array
                0x0000000008006d80       0x48 c:/st/stm32cubeide_1.3.0/stm32cubeide/plugins/com.st.stm32cube.ide.mcu.externaltools.gnu-tools-for-stm32.7-2018-q2-update.win32_1.5.0.202011040924/tools/bin/../lib/gcc/arm-none-eabi/7.3.1/../../../../arm-none-eabi/lib/thumb/v7e-m/fpv5/hard\libc_nano.a(lib_a-init.o)
                0x0000000008006d80                __libc_init_array
 .text.memcpy   0x0000000008006dc8       0x16 c:/st/stm32cubeide_1.3.0/stm32cubeide/plugins/com.st.stm32cube.ide.mcu.externaltools.gnu-tools-for-stm32.7-2018-q2-update.win32_1.5.0.202011040924/tools/bin/../lib/gcc/arm-none-eabi/7.3.1/../../../../arm-none-eabi/lib/thumb/v7e-m/fpv5/hard\libc_nano.a(lib_a-memcpy-stub.o)
                0x0000000008006dc8                memcpy
 .text.memset   0x0000000008006dde       0x10 c:/st/stm32cubeide_1.3.0/stm32cubeide/plugins/com.st.stm32cube.ide.mcu.externaltools.gnu-tools-for-stm32.7-2018-q2-update.win32_1.5.0.202011040924/tools/bin/../lib/gcc/arm-none-eabi/7.3.1/../../../../arm-none-eabi/lib/thumb/v7e-m/fpv5/hard\libc_nano.a(lib_a-memset.o)
                0x0000000008006dde                memset
 *fill*         0x0000000008006dee        0x2 
 .text._puts_r  0x0000000008006df0       0xb8 c:/st/stm32cubeide_1.3.0/stm32cubeide/plugins/com.st.stm32cube.ide.mcu.externaltools.gnu-tools-for-stm32.7-2018-q2-update.win32_1.5.0.202011040924/tools/bin/../lib/gcc/arm-none-eabi/7.3.1/../../../../arm-none-eabi/lib/thumb/v7e-m/fpv5/hard\libc_nano.a(lib_a-puts.o)
                0x0000000008006df0                _puts_r
 .text.puts     0x0000000008006ea8       0x10 c:/st/stm32cubeide_1.3.0/stm32cubeide/plugins/com.st.stm32cube.ide.mcu.externaltools.gnu-tools-for-stm32.7-2018-q2-update.win32_1.5.0.202011040924/tools/bin/../lib/gcc/arm-none-eabi/7.3.1/../../../../arm-none-eabi/lib/thumb/v7e-m/fpv5/hard\libc_nano.a(lib_a-puts.o)
                0x0000000008006ea8                puts
 .text.__swbuf_r
                0x0000000008006eb8       0xa4 c:/st/stm32cubeide_1.3.0/stm32cubeide/plugins/com.st.stm32cube.ide.mcu.externaltools.gnu-tools-for-stm32.7-2018-q2-update.win32_1.5.0.202011040924/tools/bin/../lib/gcc/arm-none-eabi/7.3.1/../../../../arm-none-eabi/lib/thumb/v7e-m/fpv5/hard\libc_nano.a(lib_a-wbuf.o)
                0x0000000008006eb8                __swbuf_r
 .text.__swsetup_r
                0x0000000008006f5c       0xdc c:/st/stm32cubeide_1.3.0/stm32cubeide/plugins/com.st.stm32cube.ide.mcu.externaltools.gnu-tools-for-stm32.7-2018-q2-update.win32_1.5.0.202011040924/tools/bin/../lib/gcc/arm-none-eabi/7.3.1/../../../../arm-none-eabi/lib/thumb/v7e-m/fpv5/hard\libc_nano.a(lib_a-wsetup.o)
                0x0000000008006f5c                __swsetup_r
 .text.__sflush_r
                0x0000000008007038      0x10c c:/st/stm32cubeide_1.3.0/stm32cubeide/plugins/com.st.stm32cube.ide.mcu.externaltools.gnu-tools-for-stm32.7-2018-q2-update.win32_1.5.0.202011040924/tools/bin/../lib/gcc/arm-none-eabi/7.3.1/../../../../arm-none-eabi/lib/thumb/v7e-m/fpv5/hard\libc_nano.a(lib_a-fflush.o)
                0x0000000008007038                __sflush_r
 .text._fflush_r
                0x0000000008007144       0x54 c:/st/stm32cubeide_1.3.0/stm32cubeide/plugins/com.st.stm32cube.ide.mcu.externaltools.gnu-tools-for-stm32.7-2018-q2-update.win32_1.5.0.202011040924/tools/bin/../lib/gcc/arm-none-eabi/7.3.1/../../../../arm-none-eabi/lib/thumb/v7e-m/fpv5/hard\libc_nano.a(lib_a-fflush.o)
                0x0000000008007144                _fflush_r
 .text.std      0x0000000008007198       0x48 c:/st/stm32cubeide_1.3.0/stm32cubeide/plugins/com.st.stm32cube.ide.mcu.externaltools.gnu-tools-for-stm32.7-2018-q2-update.win32_1.5.0.202011040924/tools/bin/../lib/gcc/arm-none-eabi/7.3.1/../../../../arm-none-eabi/lib/thumb/v7e-m/fpv5/hard\libc_nano.a(lib_a-findfp.o)
 .text._cleanup_r
                0x00000000080071e0        0xc c:/st/stm32cubeide_1.3.0/stm32cubeide/plugins/com.st.stm32cube.ide.mcu.externaltools.gnu-tools-for-stm32.7-2018-q2-update.win32_1.5.0.202011040924/tools/bin/../lib/gcc/arm-none-eabi/7.3.1/../../../../arm-none-eabi/lib/thumb/v7e-m/fpv5/hard\libc_nano.a(lib_a-findfp.o)
                0x00000000080071e0                _cleanup_r
 .text.__sfmoreglue
                0x00000000080071ec       0x2c c:/st/stm32cubeide_1.3.0/stm32cubeide/plugins/com.st.stm32cube.ide.mcu.externaltools.gnu-tools-for-stm32.7-2018-q2-update.win32_1.5.0.202011040924/tools/bin/../lib/gcc/arm-none-eabi/7.3.1/../../../../arm-none-eabi/lib/thumb/v7e-m/fpv5/hard\libc_nano.a(lib_a-findfp.o)
                0x00000000080071ec                __sfmoreglue
 .text.__sinit  0x0000000008007218       0x60 c:/st/stm32cubeide_1.3.0/stm32cubeide/plugins/com.st.stm32cube.ide.mcu.externaltools.gnu-tools-for-stm32.7-2018-q2-update.win32_1.5.0.202011040924/tools/bin/../lib/gcc/arm-none-eabi/7.3.1/../../../../arm-none-eabi/lib/thumb/v7e-m/fpv5/hard\libc_nano.a(lib_a-findfp.o)
                0x0000000008007218                __sinit
 .text.__sfp    0x0000000008007278       0x78 c:/st/stm32cubeide_1.3.0/stm32cubeide/plugins/com.st.stm32cube.ide.mcu.externaltools.gnu-tools-for-stm32.7-2018-q2-update.win32_1.5.0.202011040924/tools/bin/../lib/gcc/arm-none-eabi/7.3.1/../../../../arm-none-eabi/lib/thumb/v7e-m/fpv5/hard\libc_nano.a(lib_a-findfp.o)
                0x0000000008007278                __sfp
 .text._fwalk_reent
                0x00000000080072f0       0x3c c:/st/stm32cubeide_1.3.0/stm32cubeide/plugins/com.st.stm32cube.ide.mcu.externaltools.gnu-tools-for-stm32.7-2018-q2-update.win32_1.5.0.202011040924/tools/bin/../lib/gcc/arm-none-eabi/7.3.1/../../../../arm-none-eabi/lib/thumb/v7e-m/fpv5/hard\libc_nano.a(lib_a-fwalk.o)
                0x00000000080072f0                _fwalk_reent
 .text.__swhatbuf_r
                0x000000000800732c       0x48 c:/st/stm32cubeide_1.3.0/stm32cubeide/plugins/com.st.stm32cube.ide.mcu.externaltools.gnu-tools-for-stm32.7-2018-q2-update.win32_1.5.0.202011040924/tools/bin/../lib/gcc/arm-none-eabi/7.3.1/../../../../arm-none-eabi/lib/thumb/v7e-m/fpv5/hard\libc_nano.a(lib_a-makebuf.o)
                0x000000000800732c                __swhatbuf_r
 .text.__smakebuf_r
                0x0000000008007374       0x80 c:/st/stm32cubeide_1.3.0/stm32cubeide/plugins/com.st.stm32cube.ide.mcu.externaltools.gnu-tools-for-stm32.7-2018-q2-update.win32_1.5.0.202011040924/tools/bin/../lib/gcc/arm-none-eabi/7.3.1/../../../../arm-none-eabi/lib/thumb/v7e-m/fpv5/hard\libc_nano.a(lib_a-makebuf.o)
                0x0000000008007374                __smakebuf_r
 .text._free_r  0x00000000080073f4       0x9c c:/st/stm32cubeide_1.3.0/stm32cubeide/plugins/com.st.stm32cube.ide.mcu.externaltools.gnu-tools-for-stm32.7-2018-q2-update.win32_1.5.0.202011040924/tools/bin/../lib/gcc/arm-none-eabi/7.3.1/../../../../arm-none-eabi/lib/thumb/v7e-m/fpv5/hard\libc_nano.a(lib_a-nano-freer.o)
                0x00000000080073f4                _free_r
 .text._malloc_r
                0x0000000008007490       0xb4 c:/st/stm32cubeide_1.3.0/stm32cubeide/plugins/com.st.stm32cube.ide.mcu.externaltools.gnu-tools-for-stm32.7-2018-q2-update.win32_1.5.0.202011040924/tools/bin/../lib/gcc/arm-none-eabi/7.3.1/../../../../arm-none-eabi/lib/thumb/v7e-m/fpv5/hard\libc_nano.a(lib_a-nano-mallocr.o)
                0x0000000008007490                _malloc_r
 .text._sbrk_r  0x0000000008007544       0x20 c:/st/stm32cubeide_1.3.0/stm32cubeide/plugins/com.st.stm32cube.ide.mcu.externaltools.gnu-tools-for-stm32.7-2018-q2-update.win32_1.5.0.202011040924/tools/bin/../lib/gcc/arm-none-eabi/7.3.1/../../../../arm-none-eabi/lib/thumb/v7e-m/fpv5/hard\libc_nano.a(lib_a-sbrkr.o)
                0x0000000008007544                _sbrk_r
 .text.__sread  0x0000000008007564       0x22 c:/st/stm32cubeide_1.3.0/stm32cubeide/plugins/com.st.stm32cube.ide.mcu.externaltools.gnu-tools-for-stm32.7-2018-q2-update.win32_1.5.0.202011040924/tools/bin/../lib/gcc/arm-none-eabi/7.3.1/../../../../arm-none-eabi/lib/thumb/v7e-m/fpv5/hard\libc_nano.a(lib_a-stdio.o)
                0x0000000008007564                __sread
 .text.__swrite
                0x0000000008007586       0x38 c:/st/stm32cubeide_1.3.0/stm32cubeide/plugins/com.st.stm32cube.ide.mcu.externaltools.gnu-tools-for-stm32.7-2018-q2-update.win32_1.5.0.202011040924/tools/bin/../lib/gcc/arm-none-eabi/7.3.1/../../../../arm-none-eabi/lib/thumb/v7e-m/fpv5/hard\libc_nano.a(lib_a-stdio.o)
                0x0000000008007586                __swrite
 .text.__sseek  0x00000000080075be       0x24 c:/st/stm32cubeide_1.3.0/stm32cubeide/plugins/com.st.stm32cube.ide.mcu.externaltools.gnu-tools-for-stm32.7-2018-q2-update.win32_1.5.0.202011040924/tools/bin/../lib/gcc/arm-none-eabi/7.3.1/../../../../arm-none-eabi/lib/thumb/v7e-m/fpv5/hard\libc_nano.a(lib_a-stdio.o)
                0x00000000080075be                __sseek
 .text.__sclose
                0x00000000080075e2        0x8 c:/st/stm32cubeide_1.3.0/stm32cubeide/plugins/com.st.stm32cube.ide.mcu.externaltools.gnu-tools-for-stm32.7-2018-q2-update.win32_1.5.0.202011040924/tools/bin/../lib/gcc/arm-none-eabi/7.3.1/../../../../arm-none-eabi/lib/thumb/v7e-m/fpv5/hard\libc_nano.a(lib_a-stdio.o)
                0x00000000080075e2                __sclose
 *fill*         0x00000000080075ea        0x2 
 .text._write_r
                0x00000000080075ec       0x24 c:/st/stm32cubeide_1.3.0/stm32cubeide/plugins/com.st.stm32cube.ide.mcu.externaltools.gnu-tools-for-stm32.7-2018-q2-update.win32_1.5.0.202011040924/tools/bin/../lib/gcc/arm-none-eabi/7.3.1/../../../../arm-none-eabi/lib/thumb/v7e-m/fpv5/hard\libc_nano.a(lib_a-writer.o)
                0x00000000080075ec                _write_r
 .text._close_r
                0x0000000008007610       0x20 c:/st/stm32cubeide_1.3.0/stm32cubeide/plugins/com.st.stm32cube.ide.mcu.externaltools.gnu-tools-for-stm32.7-2018-q2-update.win32_1.5.0.202011040924/tools/bin/../lib/gcc/arm-none-eabi/7.3.1/../../../../arm-none-eabi/lib/thumb/v7e-m/fpv5/hard\libc_nano.a(lib_a-closer.o)
                0x0000000008007610                _close_r
 .text._fstat_r
                0x0000000008007630       0x24 c:/st/stm32cubeide_1.3.0/stm32cubeide/plugins/com.st.stm32cube.ide.mcu.externaltools.gnu-tools-for-stm32.7-2018-q2-update.win32_1.5.0.202011040924/tools/bin/../lib/gcc/arm-none-eabi/7.3.1/../../../../arm-none-eabi/lib/thumb/v7e-m/fpv5/hard\libc_nano.a(lib_a-fstatr.o)
                0x0000000008007630                _fstat_r
 .text._isatty_r
                0x0000000008007654       0x20 c:/st/stm32cubeide_1.3.0/stm32cubeide/plugins/com.st.stm32cube.ide.mcu.externaltools.gnu-tools-for-stm32.7-2018-q2-update.win32_1.5.0.202011040924/tools/bin/../lib/gcc/arm-none-eabi/7.3.1/../../../../arm-none-eabi/lib/thumb/v7e-m/fpv5/hard\libc_nano.a(lib_a-isattyr.o)
                0x0000000008007654                _isatty_r
 .text._lseek_r
                0x0000000008007674       0x24 c:/st/stm32cubeide_1.3.0/stm32cubeide/plugins/com.st.stm32cube.ide.mcu.externaltools.gnu-tools-for-stm32.7-2018-q2-update.win32_1.5.0.202011040924/tools/bin/../lib/gcc/arm-none-eabi/7.3.1/../../../../arm-none-eabi/lib/thumb/v7e-m/fpv5/hard\libc_nano.a(lib_a-lseekr.o)
                0x0000000008007674                _lseek_r
 .text.__malloc_lock
                0x0000000008007698        0x2 c:/st/stm32cubeide_1.3.0/stm32cubeide/plugins/com.st.stm32cube.ide.mcu.externaltools.gnu-tools-for-stm32.7-2018-q2-update.win32_1.5.0.202011040924/tools/bin/../lib/gcc/arm-none-eabi/7.3.1/../../../../arm-none-eabi/lib/thumb/v7e-m/fpv5/hard\libc_nano.a(lib_a-mlock.o)
                0x0000000008007698                __malloc_lock
 .text.__malloc_unlock
                0x000000000800769a        0x2 c:/st/stm32cubeide_1.3.0/stm32cubeide/plugins/com.st.stm32cube.ide.mcu.externaltools.gnu-tools-for-stm32.7-2018-q2-update.win32_1.5.0.202011040924/tools/bin/../lib/gcc/arm-none-eabi/7.3.1/../../../../arm-none-eabi/lib/thumb/v7e-m/fpv5/hard\libc_nano.a(lib_a-mlock.o)
                0x000000000800769a                __malloc_unlock
 .text._read_r  0x000000000800769c       0x24 c:/st/stm32cubeide_1.3.0/stm32cubeide/plugins/com.st.stm32cube.ide.mcu.externaltools.gnu-tools-for-stm32.7-2018-q2-update.win32_1.5.0.202011040924/tools/bin/../lib/gcc/arm-none-eabi/7.3.1/../../../../arm-none-eabi/lib/thumb/v7e-m/fpv5/hard\libc_nano.a(lib_a-readr.o)
                0x000000000800769c                _read_r
 *(.glue_7)
 .glue_7        0x00000000080076c0        0x0 linker stubs
 *(.glue_7t)
 .glue_7t       0x00000000080076c0        0x0 linker stubs
 *(.eh_frame)
 .eh_frame      0x00000000080076c0        0x0 c:/st/stm32cubeide_1.3.0/stm32cubeide/plugins/com.st.stm32cube.ide.mcu.externaltools.gnu-tools-for-stm32.7-2018-q2-update.win32_1.5.0.202011040924/tools/bin/../lib/gcc/arm-none-eabi/7.3.1/thumb/v7e-m/fpv5/hard/crtbegin.o
 *(.init)
 .init          0x00000000080076c0        0x4 c:/st/stm32cubeide_1.3.0/stm32cubeide/plugins/com.st.stm32cube.ide.mcu.externaltools.gnu-tools-for-stm32.7-2018-q2-update.win32_1.5.0.202011040924/tools/bin/../lib/gcc/arm-none-eabi/7.3.1/thumb/v7e-m/fpv5/hard/crti.o
                0x00000000080076c0                _init
 .init          0x00000000080076c4        0x8 c:/st/stm32cubeide_1.3.0/stm32cubeide/plugins/com.st.stm32cube.ide.mcu.externaltools.gnu-tools-for-stm32.7-2018-q2-update.win32_1.5.0.202011040924/tools/bin/../lib/gcc/arm-none-eabi/7.3.1/thumb/v7e-m/fpv5/hard/crtn.o
 *(.fini)
 .fini          0x00000000080076cc        0x4 c:/st/stm32cubeide_1.3.0/stm32cubeide/plugins/com.st.stm32cube.ide.mcu.externaltools.gnu-tools-for-stm32.7-2018-q2-update.win32_1.5.0.202011040924/tools/bin/../lib/gcc/arm-none-eabi/7.3.1/thumb/v7e-m/fpv5/hard/crti.o
                0x00000000080076cc                _fini
 .fini          0x00000000080076d0        0x8 c:/st/stm32cubeide_1.3.0/stm32cubeide/plugins/com.st.stm32cube.ide.mcu.externaltools.gnu-tools-for-stm32.7-2018-q2-update.win32_1.5.0.202011040924/tools/bin/../lib/gcc/arm-none-eabi/7.3.1/thumb/v7e-m/fpv5/hard/crtn.o
                0x00000000080076d8                . = ALIGN (0x4)
                0x00000000080076d8                _etext = .

.vfp11_veneer   0x00000000080076d8        0x0
 .vfp11_veneer  0x00000000080076d8        0x0 linker stubs

.v4_bx          0x00000000080076d8        0x0
 .v4_bx         0x00000000080076d8        0x0 linker stubs

.iplt           0x00000000080076d8        0x0
 .iplt          0x00000000080076d8        0x0 c:/st/stm32cubeide_1.3.0/stm32cubeide/plugins/com.st.stm32cube.ide.mcu.externaltools.gnu-tools-for-stm32.7-2018-q2-update.win32_1.5.0.202011040924/tools/bin/../lib/gcc/arm-none-eabi/7.3.1/thumb/v7e-m/fpv5/hard/crtbegin.o

.rodata         0x00000000080076d8       0xf8
                0x00000000080076d8                . = ALIGN (0x4)
 *(.rodata)
 .rodata        0x00000000080076d8       0x62 Core/Src/main.o
 *fill*         0x000000000800773a        0x2 
 .rodata        0x000000000800773c        0x5 Middleware/FreeRTOS/tasks.o
 *fill*         0x0000000008007741        0x3 
 .rodata        0x0000000008007744        0xd Middleware/FreeRTOS/timers.o
 *(.rodata*)
 *fill*         0x0000000008007751        0x3 
 .rodata.AHBPrescTable
                0x0000000008007754       0x10 Core/Src/system_stm32f7xx.o
                0x0000000008007754                AHBPrescTable
 .rodata.APBPrescTable
                0x0000000008007764        0x8 Core/Src/system_stm32f7xx.o
                0x0000000008007764                APBPrescTable
 .rodata._global_impure_ptr
                0x000000000800776c        0x4 c:/st/stm32cubeide_1.3.0/stm32cubeide/plugins/com.st.stm32cube.ide.mcu.externaltools.gnu-tools-for-stm32.7-2018-q2-update.win32_1.5.0.202011040924/tools/bin/../lib/gcc/arm-none-eabi/7.3.1/../../../../arm-none-eabi/lib/thumb/v7e-m/fpv5/hard\libc_nano.a(lib_a-impure.o)
                0x000000000800776c                _global_impure_ptr
 .rodata.__sf_fake_stderr
                0x0000000008007770       0x20 c:/st/stm32cubeide_1.3.0/stm32cubeide/plugins/com.st.stm32cube.ide.mcu.externaltools.gnu-tools-for-stm32.7-2018-q2-update.win32_1.5.0.202011040924/tools/bin/../lib/gcc/arm-none-eabi/7.3.1/../../../../arm-none-eabi/lib/thumb/v7e-m/fpv5/hard\libc_nano.a(lib_a-findfp.o)
                0x0000000008007770                __sf_fake_stderr
 .rodata.__sf_fake_stdin
                0x0000000008007790       0x20 c:/st/stm32cubeide_1.3.0/stm32cubeide/plugins/com.st.stm32cube.ide.mcu.externaltools.gnu-tools-for-stm32.7-2018-q2-update.win32_1.5.0.202011040924/tools/bin/../lib/gcc/arm-none-eabi/7.3.1/../../../../arm-none-eabi/lib/thumb/v7e-m/fpv5/hard\libc_nano.a(lib_a-findfp.o)
                0x0000000008007790                __sf_fake_stdin
 .rodata.__sf_fake_stdout
                0x00000000080077b0       0x20 c:/st/stm32cubeide_1.3.0/stm32cubeide/plugins/com.st.stm32cube.ide.mcu.externaltools.gnu-tools-for-stm32.7-2018-q2-update.win32_1.5.0.202011040924/tools/bin/../lib/gcc/arm-none-eabi/7.3.1/../../../../arm-none-eabi/lib/thumb/v7e-m/fpv5/hard\libc_nano.a(lib_a-findfp.o)
                0x00000000080077b0                __sf_fake_stdout
                0x00000000080077d0                . = ALIGN (0x4)

.ARM.extab      0x00000000080077d0        0x0
                0x00000000080077d0                . = ALIGN (0x4)
 *(.ARM.extab* .gnu.linkonce.armextab.*)
                0x00000000080077d0                . = ALIGN (0x4)

.ARM            0x00000000080077d0        0x8
                0x00000000080077d0                . = ALIGN (0x4)
                0x00000000080077d0                __exidx_start = .
 *(.ARM.exidx*)
 .ARM.exidx     0x00000000080077d0        0x8 c:/st/stm32cubeide_1.3.0/stm32cubeide/plugins/com.st.stm32cube.ide.mcu.externaltools.gnu-tools-for-stm32.7-2018-q2-update.win32_1.5.0.202011040924/tools/bin/../lib/gcc/arm-none-eabi/7.3.1/thumb/v7e-m/fpv5/hard\libgcc.a(_udivmoddi4.o)
                0x00000000080077d8                __exidx_end = .
                0x00000000080077d8                . = ALIGN (0x4)

.rel.dyn        0x00000000080077d8        0x0
 .rel.iplt      0x00000000080077d8        0x0 c:/st/stm32cubeide_1.3.0/stm32cubeide/plugins/com.st.stm32cube.ide.mcu.externaltools.gnu-tools-for-stm32.7-2018-q2-update.win32_1.5.0.202011040924/tools/bin/../lib/gcc/arm-none-eabi/7.3.1/thumb/v7e-m/fpv5/hard/crtbegin.o

.preinit_array  0x00000000080077d8        0x0
                0x00000000080077d8                . = ALIGN (0x4)
                0x00000000080077d8                PROVIDE (__preinit_array_start = .)
 *(.preinit_array*)
                0x00000000080077d8                PROVIDE (__preinit_array_end = .)
                0x00000000080077d8                . = ALIGN (0x4)

.init_array     0x00000000080077d8        0x4
                0x00000000080077d8                . = ALIGN (0x4)
                0x00000000080077d8                PROVIDE (__init_array_start = .)
 *(SORT_BY_NAME(.init_array.*))
 *(.init_array*)
 .init_array    0x00000000080077d8        0x4 c:/st/stm32cubeide_1.3.0/stm32cubeide/plugins/com.st.stm32cube.ide.mcu.externaltools.gnu-tools-for-stm32.7-2018-q2-update.win32_1.5.0.202011040924/tools/bin/../lib/gcc/arm-none-eabi/7.3.1/thumb/v7e-m/fpv5/hard/crtbegin.o
                0x00000000080077dc                PROVIDE (__init_array_end = .)
                0x00000000080077dc                . = ALIGN (0x4)

.fini_array     0x00000000080077dc        0x4
                0x00000000080077dc                . = ALIGN (0x4)
                [!provide]                        PROVIDE (__fini_array_start = .)
 *(SORT_BY_NAME(.fini_array.*))
 *(.fini_array*)
 .fini_array    0x00000000080077dc        0x4 c:/st/stm32cubeide_1.3.0/stm32cubeide/plugins/com.st.stm32cube.ide.mcu.externaltools.gnu-tools-for-stm32.7-2018-q2-update.win32_1.5.0.202011040924/tools/bin/../lib/gcc/arm-none-eabi/7.3.1/thumb/v7e-m/fpv5/hard/crtbegin.o
                [!provide]                        PROVIDE (__fini_array_end = .)
                0x00000000080077e0                . = ALIGN (0x4)
                0x00000000080077e0                _sidata = LOADADDR (.data)

.data           0x0000000020000000       0x78 load address 0x00000000080077e0
                0x0000000020000000                . = ALIGN (0x4)
                0x0000000020000000                _sdata = .
 *(.data)
 *(.data*)
 .data.SystemCoreClock
                0x0000000020000000        0x4 Core/Src/system_stm32f7xx.o
                0x0000000020000000                SystemCoreClock
 .data.uwTickPrio
                0x0000000020000004        0x4 Drivers/STM32F7xx_HAL_Driver/Src/stm32f7xx_hal.o
                0x0000000020000004                uwTickPrio
 .data.uwTickFreq
                0x0000000020000008        0x1 Drivers/STM32F7xx_HAL_Driver/Src/stm32f7xx_hal.o
                0x0000000020000008                uwTickFreq
 *fill*         0x0000000020000009        0x3 
 .data.uxTopUsedPriority
                0x000000002000000c        0x4 Middleware/FreeRTOS/tasks.o
                0x000000002000000c                uxTopUsedPriority
 .data.uxCriticalNesting
                0x0000000020000010        0x4 Middleware/FreeRTOS/portable/GCC/ARM_CM7/r0p1/port.o
 .data._impure_ptr
                0x0000000020000014        0x4 c:/st/stm32cubeide_1.3.0/stm32cubeide/plugins/com.st.stm32cube.ide.mcu.externaltools.gnu-tools-for-stm32.7-2018-q2-update.win32_1.5.0.202011040924/tools/bin/../lib/gcc/arm-none-eabi/7.3.1/../../../../arm-none-eabi/lib/thumb/v7e-m/fpv5/hard\libc_nano.a(lib_a-impure.o)
                0x0000000020000014                _impure_ptr
 .data.impure_data
                0x0000000020000018       0x60 c:/st/stm32cubeide_1.3.0/stm32cubeide/plugins/com.st.stm32cube.ide.mcu.externaltools.gnu-tools-for-stm32.7-2018-q2-update.win32_1.5.0.202011040924/tools/bin/../lib/gcc/arm-none-eabi/7.3.1/../../../../arm-none-eabi/lib/thumb/v7e-m/fpv5/hard\libc_nano.a(lib_a-impure.o)
 *(.RamFunc)
 *(.RamFunc*)
                0x0000000020000078                . = ALIGN (0x4)
                0x0000000020000078                _edata = .

.igot.plt       0x0000000020000078        0x0 load address 0x0000000008007858
 .igot.plt      0x0000000020000078        0x0 c:/st/stm32cubeide_1.3.0/stm32cubeide/plugins/com.st.stm32cube.ide.mcu.externaltools.gnu-tools-for-stm32.7-2018-q2-update.win32_1.5.0.202011040924/tools/bin/../lib/gcc/arm-none-eabi/7.3.1/thumb/v7e-m/fpv5/hard/crtbegin.o
                0x0000000020000078                . = ALIGN (0x4)

.bss            0x0000000020000078    0x20310 load address 0x0000000008007858
                0x0000000020000078                _sbss = .
                0x0000000020000078                __bss_start__ = _sbss
 *(.bss)
 .bss           0x0000000020000078       0x1c c:/st/stm32cubeide_1.3.0/stm32cubeide/plugins/com.st.stm32cube.ide.mcu.externaltools.gnu-tools-for-stm32.7-2018-q2-update.win32_1.5.0.202011040924/tools/bin/../lib/gcc/arm-none-eabi/7.3.1/thumb/v7e-m/fpv5/hard/crtbegin.o
 *(.bss*)
 .bss.__sbrk_heap_end
                0x0000000020000094        0x4 Core/Src/sysmem.o
 .bss.pxCurrentTCB
                0x0000000020000098        0x4 Middleware/FreeRTOS/tasks.o
                0x0000000020000098                pxCurrentTCB
 .bss.pxReadyTasksLists
                0x000000002000009c       0x64 Middleware/FreeRTOS/tasks.o
 .bss.xDelayedTaskList1
                0x0000000020000100       0x14 Middleware/FreeRTOS/tasks.o
 .bss.xDelayedTaskList2
                0x0000000020000114       0x14 Middleware/FreeRTOS/tasks.o
 .bss.pxDelayedTaskList
                0x0000000020000128        0x4 Middleware/FreeRTOS/tasks.o
 .bss.pxOverflowDelayedTaskList
                0x000000002000012c        0x4 Middleware/FreeRTOS/tasks.o
 .bss.xPendingReadyList
                0x0000000020000130       0x14 Middleware/FreeRTOS/tasks.o
 .bss.xTasksWaitingTermination
                0x0000000020000144       0x14 Middleware/FreeRTOS/tasks.o
 .bss.uxDeletedTasksWaitingCleanUp
                0x0000000020000158        0x4 Middleware/FreeRTOS/tasks.o
 .bss.xSuspendedTaskList
                0x000000002000015c       0x14 Middleware/FreeRTOS/tasks.o
 .bss.uxCurrentNumberOfTasks
                0x0000000020000170        0x4 Middleware/FreeRTOS/tasks.o
 .bss.xTickCount
                0x0000000020000174        0x4 Middleware/FreeRTOS/tasks.o
 .bss.uxTopReadyPriority
                0x0000000020000178        0x4 Middleware/FreeRTOS/tasks.o
 .bss.xSchedulerRunning
                0x000000002000017c        0x4 Middleware/FreeRTOS/tasks.o
 .bss.xPendedTicks
                0x0000000020000180        0x4 Middleware/FreeRTOS/tasks.o
 .bss.xYieldPending
                0x0000000020000184        0x4 Middleware/FreeRTOS/tasks.o
 .bss.xNumOfOverflows
                0x0000000020000188        0x4 Middleware/FreeRTOS/tasks.o
 .bss.uxTaskNumber
                0x000000002000018c        0x4 Middleware/FreeRTOS/tasks.o
 .bss.xNextTaskUnblockTime
                0x0000000020000190        0x4 Middleware/FreeRTOS/tasks.o
 .bss.xIdleTaskHandle
                0x0000000020000194        0x4 Middleware/FreeRTOS/tasks.o
 .bss.uxSchedulerSuspended
                0x0000000020000198        0x4 Middleware/FreeRTOS/tasks.o
 .bss.xActiveTimerList1
                0x000000002000019c       0x14 Middleware/FreeRTOS/timers.o
 .bss.xActiveTimerList2
                0x00000000200001b0       0x14 Middleware/FreeRTOS/timers.o
 .bss.pxCurrentTimerList
                0x00000000200001c4        0x4 Middleware/FreeRTOS/timers.o
 .bss.pxOverflowTimerList
                0x00000000200001c8        0x4 Middleware/FreeRTOS/timers.o
 .bss.xTimerQueue
                0x00000000200001cc        0x4 Middleware/FreeRTOS/timers.o
 .bss.xTimerTaskHandle
                0x00000000200001d0        0x4 Middleware/FreeRTOS/timers.o
 .bss.xLastTime.6724
                0x00000000200001d4        0x4 Middleware/FreeRTOS/timers.o
 .bss.ucMaxSysCallPriority
                0x00000000200001d8        0x1 Middleware/FreeRTOS/portable/GCC/ARM_CM7/r0p1/port.o
 *fill*         0x00000000200001d9        0x3 
 .bss.ulMaxPRIGROUPValue
                0x00000000200001dc        0x4 Middleware/FreeRTOS/portable/GCC/ARM_CM7/r0p1/port.o
 .bss.ucHeap    0x00000000200001e0    0x20000 Middleware/FreeRTOS/portable/MemMang/heap_4.o
 .bss.xStart    0x00000000200201e0        0x8 Middleware/FreeRTOS/portable/MemMang/heap_4.o
 .bss.pxEnd     0x00000000200201e8        0x4 Middleware/FreeRTOS/portable/MemMang/heap_4.o
 .bss.xFreeBytesRemaining
                0x00000000200201ec        0x4 Middleware/FreeRTOS/portable/MemMang/heap_4.o
 .bss.xMinimumEverFreeBytesRemaining
                0x00000000200201f0        0x4 Middleware/FreeRTOS/portable/MemMang/heap_4.o
 .bss.xNumberOfSuccessfulAllocations
                0x00000000200201f4        0x4 Middleware/FreeRTOS/portable/MemMang/heap_4.o
 .bss.xNumberOfSuccessfulFrees
                0x00000000200201f8        0x4 Middleware/FreeRTOS/portable/MemMang/heap_4.o
 .bss.xBlockAllocatedBit
                0x00000000200201fc        0x4 Middleware/FreeRTOS/portable/MemMang/heap_4.o
 .bss.__malloc_free_list
                0x0000000020020200        0x4 c:/st/stm32cubeide_1.3.0/stm32cubeide/plugins/com.st.stm32cube.ide.mcu.externaltools.gnu-tools-for-stm32.7-2018-q2-update.win32_1.5.0.202011040924/tools/bin/../lib/gcc/arm-none-eabi/7.3.1/../../../../arm-none-eabi/lib/thumb/v7e-m/fpv5/hard\libc_nano.a(lib_a-nano-mallocr.o)
                0x0000000020020200                __malloc_free_list
 .bss.__malloc_sbrk_start
                0x0000000020020204        0x4 c:/st/stm32cubeide_1.3.0/stm32cubeide/plugins/com.st.stm32cube.ide.mcu.externaltools.gnu-tools-for-stm32.7-2018-q2-update.win32_1.5.0.202011040924/tools/bin/../lib/gcc/arm-none-eabi/7.3.1/../../../../arm-none-eabi/lib/thumb/v7e-m/fpv5/hard\libc_nano.a(lib_a-nano-mallocr.o)
                0x0000000020020204                __malloc_sbrk_start
 *(COMMON)
 COMMON         0x0000000020020208      0x128 Core/Src/main.o
                0x0000000020020208                huart3
                0x0000000020020288                hlptim1
                0x00000000200202b8                hrtc
                0x00000000200202d8                hrng
                0x00000000200202e8                heth
 COMMON         0x0000000020020330        0x4 Drivers/STM32F7xx_HAL_Driver/Src/stm32f7xx_hal.o
                0x0000000020020330                uwTick
 COMMON         0x0000000020020334       0x50 Middleware/FreeRTOS/queue.o
                0x0000000020020334                xQueueRegistry
 COMMON         0x0000000020020384        0x4 c:/st/stm32cubeide_1.3.0/stm32cubeide/plugins/com.st.stm32cube.ide.mcu.externaltools.gnu-tools-for-stm32.7-2018-q2-update.win32_1.5.0.202011040924/tools/bin/../lib/gcc/arm-none-eabi/7.3.1/../../../../arm-none-eabi/lib/thumb/v7e-m/fpv5/hard\libc_nano.a(lib_a-reent.o)
                0x0000000020020384                errno
                0x0000000020020388                . = ALIGN (0x4)
                0x0000000020020388                _ebss = .
                0x0000000020020388                __bss_end__ = _ebss

._user_heap_stack
                0x0000000020020388      0x600 load address 0x0000000008007858
                0x0000000020020388                . = ALIGN (0x8)
                [!provide]                        PROVIDE (end = .)
                0x0000000020020388                PROVIDE (_end = .)
                0x0000000020020588                . = (. + _Min_Heap_Size)
 *fill*         0x0000000020020388      0x200 
                0x0000000020020988                . = (. + _Min_Stack_Size)
 *fill*         0x0000000020020588      0x400 
                0x0000000020020988                . = ALIGN (0x8)

/DISCARD/
 libc.a(*)
 libm.a(*)
 libgcc.a(*)

.ARM.attributes
                0x0000000000000000       0x2e
 *(.ARM.attributes)
 .ARM.attributes
                0x0000000000000000       0x20 c:/st/stm32cubeide_1.3.0/stm32cubeide/plugins/com.st.stm32cube.ide.mcu.externaltools.gnu-tools-for-stm32.7-2018-q2-update.win32_1.5.0.202011040924/tools/bin/../lib/gcc/arm-none-eabi/7.3.1/thumb/v7e-m/fpv5/hard/crti.o
 .ARM.attributes
                0x0000000000000020       0x32 c:/st/stm32cubeide_1.3.0/stm32cubeide/plugins/com.st.stm32cube.ide.mcu.externaltools.gnu-tools-for-stm32.7-2018-q2-update.win32_1.5.0.202011040924/tools/bin/../lib/gcc/arm-none-eabi/7.3.1/thumb/v7e-m/fpv5/hard/crtbegin.o
 .ARM.attributes
                0x0000000000000052       0x37 Core/Src/main.o
 .ARM.attributes
                0x0000000000000089       0x37 Core/Src/stm32f7xx_hal_msp.o
 .ARM.attributes
                0x00000000000000c0       0x37 Core/Src/stm32f7xx_it.o
 .ARM.attributes
                0x00000000000000f7       0x37 Core/Src/syscalls.o
 .ARM.attributes
                0x000000000000012e       0x37 Core/Src/sysmem.o
 .ARM.attributes
                0x0000000000000165       0x37 Core/Src/system_stm32f7xx.o
 .ARM.attributes
                0x000000000000019c       0x21 Core/Startup/startup_stm32f767zitx.o
 .ARM.attributes
                0x00000000000001bd       0x37 Drivers/STM32F7xx_HAL_Driver/Src/stm32f7xx_hal.o
 .ARM.attributes
                0x00000000000001f4       0x37 Drivers/STM32F7xx_HAL_Driver/Src/stm32f7xx_hal_cortex.o
 .ARM.attributes
                0x000000000000022b       0x37 Drivers/STM32F7xx_HAL_Driver/Src/stm32f7xx_hal_dma.o
 .ARM.attributes
                0x0000000000000262       0x37 Drivers/STM32F7xx_HAL_Driver/Src/stm32f7xx_hal_eth.o
 .ARM.attributes
                0x0000000000000299       0x37 Drivers/STM32F7xx_HAL_Driver/Src/stm32f7xx_hal_gpio.o
 .ARM.attributes
                0x00000000000002d0       0x37 Drivers/STM32F7xx_HAL_Driver/Src/stm32f7xx_hal_lptim.o
 .ARM.attributes
                0x0000000000000307       0x37 Drivers/STM32F7xx_HAL_Driver/Src/stm32f7xx_hal_pwr.o
 .ARM.attributes
                0x000000000000033e       0x37 Drivers/STM32F7xx_HAL_Driver/Src/stm32f7xx_hal_pwr_ex.o
 .ARM.attributes
                0x0000000000000375       0x37 Drivers/STM32F7xx_HAL_Driver/Src/stm32f7xx_hal_rcc.o
 .ARM.attributes
                0x00000000000003ac       0x37 Drivers/STM32F7xx_HAL_Driver/Src/stm32f7xx_hal_rcc_ex.o
 .ARM.attributes
                0x00000000000003e3       0x37 Drivers/STM32F7xx_HAL_Driver/Src/stm32f7xx_hal_rng.o
 .ARM.attributes
                0x000000000000041a       0x37 Drivers/STM32F7xx_HAL_Driver/Src/stm32f7xx_hal_rtc.o
 .ARM.attributes
                0x0000000000000451       0x37 Drivers/STM32F7xx_HAL_Driver/Src/stm32f7xx_hal_uart.o
 .ARM.attributes
                0x0000000000000488       0x37 Middleware/FreeRTOS/list.o
 .ARM.attributes
                0x00000000000004bf       0x37 Middleware/FreeRTOS/queue.o
 .ARM.attributes
                0x00000000000004f6       0x37 Middleware/FreeRTOS/tasks.o
 .ARM.attributes
                0x000000000000052d       0x37 Middleware/FreeRTOS/timers.o
 .ARM.attributes
                0x0000000000000564       0x37 Middleware/FreeRTOS/portable/GCC/ARM_CM7/r0p1/port.o
 .ARM.attributes
                0x000000000000059b       0x37 Middleware/FreeRTOS/portable/MemMang/heap_4.o
 .ARM.attributes
                0x00000000000005d2       0x32 c:/st/stm32cubeide_1.3.0/stm32cubeide/plugins/com.st.stm32cube.ide.mcu.externaltools.gnu-tools-for-stm32.7-2018-q2-update.win32_1.5.0.202011040924/tools/bin/../lib/gcc/arm-none-eabi/7.3.1/../../../../arm-none-eabi/lib/thumb/v7e-m/fpv5/hard\libc_nano.a(lib_a-errno.o)
 .ARM.attributes
                0x0000000000000604       0x32 c:/st/stm32cubeide_1.3.0/stm32cubeide/plugins/com.st.stm32cube.ide.mcu.externaltools.gnu-tools-for-stm32.7-2018-q2-update.win32_1.5.0.202011040924/tools/bin/../lib/gcc/arm-none-eabi/7.3.1/../../../../arm-none-eabi/lib/thumb/v7e-m/fpv5/hard\libc_nano.a(lib_a-impure.o)
 .ARM.attributes
                0x0000000000000636       0x32 c:/st/stm32cubeide_1.3.0/stm32cubeide/plugins/com.st.stm32cube.ide.mcu.externaltools.gnu-tools-for-stm32.7-2018-q2-update.win32_1.5.0.202011040924/tools/bin/../lib/gcc/arm-none-eabi/7.3.1/../../../../arm-none-eabi/lib/thumb/v7e-m/fpv5/hard\libc_nano.a(lib_a-init.o)
 .ARM.attributes
                0x0000000000000668       0x32 c:/st/stm32cubeide_1.3.0/stm32cubeide/plugins/com.st.stm32cube.ide.mcu.externaltools.gnu-tools-for-stm32.7-2018-q2-update.win32_1.5.0.202011040924/tools/bin/../lib/gcc/arm-none-eabi/7.3.1/../../../../arm-none-eabi/lib/thumb/v7e-m/fpv5/hard\libc_nano.a(lib_a-memcpy-stub.o)
 .ARM.attributes
                0x000000000000069a       0x32 c:/st/stm32cubeide_1.3.0/stm32cubeide/plugins/com.st.stm32cube.ide.mcu.externaltools.gnu-tools-for-stm32.7-2018-q2-update.win32_1.5.0.202011040924/tools/bin/../lib/gcc/arm-none-eabi/7.3.1/../../../../arm-none-eabi/lib/thumb/v7e-m/fpv5/hard\libc_nano.a(lib_a-memset.o)
 .ARM.attributes
                0x00000000000006cc       0x32 c:/st/stm32cubeide_1.3.0/stm32cubeide/plugins/com.st.stm32cube.ide.mcu.externaltools.gnu-tools-for-stm32.7-2018-q2-update.win32_1.5.0.202011040924/tools/bin/../lib/gcc/arm-none-eabi/7.3.1/../../../../arm-none-eabi/lib/thumb/v7e-m/fpv5/hard\libc_nano.a(lib_a-puts.o)
 .ARM.attributes
                0x00000000000006fe       0x32 c:/st/stm32cubeide_1.3.0/stm32cubeide/plugins/com.st.stm32cube.ide.mcu.externaltools.gnu-tools-for-stm32.7-2018-q2-update.win32_1.5.0.202011040924/tools/bin/../lib/gcc/arm-none-eabi/7.3.1/../../../../arm-none-eabi/lib/thumb/v7e-m/fpv5/hard\libc_nano.a(lib_a-wbuf.o)
 .ARM.attributes
                0x0000000000000730       0x32 c:/st/stm32cubeide_1.3.0/stm32cubeide/plugins/com.st.stm32cube.ide.mcu.externaltools.gnu-tools-for-stm32.7-2018-q2-update.win32_1.5.0.202011040924/tools/bin/../lib/gcc/arm-none-eabi/7.3.1/../../../../arm-none-eabi/lib/thumb/v7e-m/fpv5/hard\libc_nano.a(lib_a-wsetup.o)
 .ARM.attributes
                0x0000000000000762       0x32 c:/st/stm32cubeide_1.3.0/stm32cubeide/plugins/com.st.stm32cube.ide.mcu.externaltools.gnu-tools-for-stm32.7-2018-q2-update.win32_1.5.0.202011040924/tools/bin/../lib/gcc/arm-none-eabi/7.3.1/../../../../arm-none-eabi/lib/thumb/v7e-m/fpv5/hard\libc_nano.a(lib_a-fflush.o)
 .ARM.attributes
                0x0000000000000794       0x32 c:/st/stm32cubeide_1.3.0/stm32cubeide/plugins/com.st.stm32cube.ide.mcu.externaltools.gnu-tools-for-stm32.7-2018-q2-update.win32_1.5.0.202011040924/tools/bin/../lib/gcc/arm-none-eabi/7.3.1/../../../../arm-none-eabi/lib/thumb/v7e-m/fpv5/hard\libc_nano.a(lib_a-findfp.o)
 .ARM.attributes
                0x00000000000007c6       0x32 c:/st/stm32cubeide_1.3.0/stm32cubeide/plugins/com.st.stm32cube.ide.mcu.externaltools.gnu-tools-for-stm32.7-2018-q2-update.win32_1.5.0.202011040924/tools/bin/../lib/gcc/arm-none-eabi/7.3.1/../../../../arm-none-eabi/lib/thumb/v7e-m/fpv5/hard\libc_nano.a(lib_a-fwalk.o)
 .ARM.attributes
                0x00000000000007f8       0x32 c:/st/stm32cubeide_1.3.0/stm32cubeide/plugins/com.st.stm32cube.ide.mcu.externaltools.gnu-tools-for-stm32.7-2018-q2-update.win32_1.5.0.202011040924/tools/bin/../lib/gcc/arm-none-eabi/7.3.1/../../../../arm-none-eabi/lib/thumb/v7e-m/fpv5/hard\libc_nano.a(lib_a-makebuf.o)
 .ARM.attributes
                0x000000000000082a       0x32 c:/st/stm32cubeide_1.3.0/stm32cubeide/plugins/com.st.stm32cube.ide.mcu.externaltools.gnu-tools-for-stm32.7-2018-q2-update.win32_1.5.0.202011040924/tools/bin/../lib/gcc/arm-none-eabi/7.3.1/../../../../arm-none-eabi/lib/thumb/v7e-m/fpv5/hard\libc_nano.a(lib_a-nano-freer.o)
 .ARM.attributes
                0x000000000000085c       0x32 c:/st/stm32cubeide_1.3.0/stm32cubeide/plugins/com.st.stm32cube.ide.mcu.externaltools.gnu-tools-for-stm32.7-2018-q2-update.win32_1.5.0.202011040924/tools/bin/../lib/gcc/arm-none-eabi/7.3.1/../../../../arm-none-eabi/lib/thumb/v7e-m/fpv5/hard\libc_nano.a(lib_a-nano-mallocr.o)
 .ARM.attributes
                0x000000000000088e       0x32 c:/st/stm32cubeide_1.3.0/stm32cubeide/plugins/com.st.stm32cube.ide.mcu.externaltools.gnu-tools-for-stm32.7-2018-q2-update.win32_1.5.0.202011040924/tools/bin/../lib/gcc/arm-none-eabi/7.3.1/../../../../arm-none-eabi/lib/thumb/v7e-m/fpv5/hard\libc_nano.a(lib_a-sbrkr.o)
 .ARM.attributes
                0x00000000000008c0       0x32 c:/st/stm32cubeide_1.3.0/stm32cubeide/plugins/com.st.stm32cube.ide.mcu.externaltools.gnu-tools-for-stm32.7-2018-q2-update.win32_1.5.0.202011040924/tools/bin/../lib/gcc/arm-none-eabi/7.3.1/../../../../arm-none-eabi/lib/thumb/v7e-m/fpv5/hard\libc_nano.a(lib_a-stdio.o)
 .ARM.attributes
                0x00000000000008f2       0x32 c:/st/stm32cubeide_1.3.0/stm32cubeide/plugins/com.st.stm32cube.ide.mcu.externaltools.gnu-tools-for-stm32.7-2018-q2-update.win32_1.5.0.202011040924/tools/bin/../lib/gcc/arm-none-eabi/7.3.1/../../../../arm-none-eabi/lib/thumb/v7e-m/fpv5/hard\libc_nano.a(lib_a-writer.o)
 .ARM.attributes
                0x0000000000000924       0x32 c:/st/stm32cubeide_1.3.0/stm32cubeide/plugins/com.st.stm32cube.ide.mcu.externaltools.gnu-tools-for-stm32.7-2018-q2-update.win32_1.5.0.202011040924/tools/bin/../lib/gcc/arm-none-eabi/7.3.1/../../../../arm-none-eabi/lib/thumb/v7e-m/fpv5/hard\libc_nano.a(lib_a-closer.o)
 .ARM.attributes
                0x0000000000000956       0x32 c:/st/stm32cubeide_1.3.0/stm32cubeide/plugins/com.st.stm32cube.ide.mcu.externaltools.gnu-tools-for-stm32.7-2018-q2-update.win32_1.5.0.202011040924/tools/bin/../lib/gcc/arm-none-eabi/7.3.1/../../../../arm-none-eabi/lib/thumb/v7e-m/fpv5/hard\libc_nano.a(lib_a-fstatr.o)
 .ARM.attributes
                0x0000000000000988       0x32 c:/st/stm32cubeide_1.3.0/stm32cubeide/plugins/com.st.stm32cube.ide.mcu.externaltools.gnu-tools-for-stm32.7-2018-q2-update.win32_1.5.0.202011040924/tools/bin/../lib/gcc/arm-none-eabi/7.3.1/../../../../arm-none-eabi/lib/thumb/v7e-m/fpv5/hard\libc_nano.a(lib_a-isattyr.o)
 .ARM.attributes
                0x00000000000009ba       0x32 c:/st/stm32cubeide_1.3.0/stm32cubeide/plugins/com.st.stm32cube.ide.mcu.externaltools.gnu-tools-for-stm32.7-2018-q2-update.win32_1.5.0.202011040924/tools/bin/../lib/gcc/arm-none-eabi/7.3.1/../../../../arm-none-eabi/lib/thumb/v7e-m/fpv5/hard\libc_nano.a(lib_a-lseekr.o)
 .ARM.attributes
                0x00000000000009ec       0x32 c:/st/stm32cubeide_1.3.0/stm32cubeide/plugins/com.st.stm32cube.ide.mcu.externaltools.gnu-tools-for-stm32.7-2018-q2-update.win32_1.5.0.202011040924/tools/bin/../lib/gcc/arm-none-eabi/7.3.1/../../../../arm-none-eabi/lib/thumb/v7e-m/fpv5/hard\libc_nano.a(lib_a-mlock.o)
 .ARM.attributes
                0x0000000000000a1e       0x32 c:/st/stm32cubeide_1.3.0/stm32cubeide/plugins/com.st.stm32cube.ide.mcu.externaltools.gnu-tools-for-stm32.7-2018-q2-update.win32_1.5.0.202011040924/tools/bin/../lib/gcc/arm-none-eabi/7.3.1/../../../../arm-none-eabi/lib/thumb/v7e-m/fpv5/hard\libc_nano.a(lib_a-readr.o)
 .ARM.attributes
                0x0000000000000a50       0x32 c:/st/stm32cubeide_1.3.0/stm32cubeide/plugins/com.st.stm32cube.ide.mcu.externaltools.gnu-tools-for-stm32.7-2018-q2-update.win32_1.5.0.202011040924/tools/bin/../lib/gcc/arm-none-eabi/7.3.1/../../../../arm-none-eabi/lib/thumb/v7e-m/fpv5/hard\libc_nano.a(lib_a-reent.o)
 .ARM.attributes
                0x0000000000000a82       0x20 c:/st/stm32cubeide_1.3.0/stm32cubeide/plugins/com.st.stm32cube.ide.mcu.externaltools.gnu-tools-for-stm32.7-2018-q2-update.win32_1.5.0.202011040924/tools/bin/../lib/gcc/arm-none-eabi/7.3.1/thumb/v7e-m/fpv5/hard\libgcc.a(_aeabi_uldivmod.o)
 .ARM.attributes
                0x0000000000000aa2       0x32 c:/st/stm32cubeide_1.3.0/stm32cubeide/plugins/com.st.stm32cube.ide.mcu.externaltools.gnu-tools-for-stm32.7-2018-q2-update.win32_1.5.0.202011040924/tools/bin/../lib/gcc/arm-none-eabi/7.3.1/thumb/v7e-m/fpv5/hard\libgcc.a(_udivmoddi4.o)
 .ARM.attributes
                0x0000000000000ad4       0x20 c:/st/stm32cubeide_1.3.0/stm32cubeide/plugins/com.st.stm32cube.ide.mcu.externaltools.gnu-tools-for-stm32.7-2018-q2-update.win32_1.5.0.202011040924/tools/bin/../lib/gcc/arm-none-eabi/7.3.1/thumb/v7e-m/fpv5/hard\libgcc.a(_dvmd_tls.o)
 .ARM.attributes
                0x0000000000000af4       0x20 c:/st/stm32cubeide_1.3.0/stm32cubeide/plugins/com.st.stm32cube.ide.mcu.externaltools.gnu-tools-for-stm32.7-2018-q2-update.win32_1.5.0.202011040924/tools/bin/../lib/gcc/arm-none-eabi/7.3.1/thumb/v7e-m/fpv5/hard/crtn.o
OUTPUT(lwm2m_client.elf elf32-littlearm)

.debug_info     0x0000000000000000    0x187c4
 .debug_info    0x0000000000000000     0x2857 Core/Src/main.o
 .debug_info    0x0000000000002857     0x1c10 Core/Src/stm32f7xx_hal_msp.o
 .debug_info    0x0000000000004467     0x1036 Core/Src/stm32f7xx_it.o
 .debug_info    0x000000000000549d      0xebd Core/Src/syscalls.o
 .debug_info    0x000000000000635a      0x985 Core/Src/sysmem.o
 .debug_info    0x0000000000006cdf      0x73d Core/Src/system_stm32f7xx.o
 .debug_info    0x000000000000741c       0x22 Core/Startup/startup_stm32f767zitx.o
 .debug_info    0x000000000000743e      0xab5 Drivers/STM32F7xx_HAL_Driver/Src/stm32f7xx_hal.o
 .debug_info    0x0000000000007ef3     0x108c Drivers/STM32F7xx_HAL_Driver/Src/stm32f7xx_hal_cortex.o
 .debug_info    0x0000000000008f7f      0x968 Drivers/STM32F7xx_HAL_Driver/Src/stm32f7xx_hal_dma.o
 .debug_info    0x00000000000098e7     0x14a9 Drivers/STM32F7xx_HAL_Driver/Src/stm32f7xx_hal_eth.o
 .debug_info    0x000000000000ad90      0x7e9 Drivers/STM32F7xx_HAL_Driver/Src/stm32f7xx_hal_gpio.o
 .debug_info    0x000000000000b579      0xecd Drivers/STM32F7xx_HAL_Driver/Src/stm32f7xx_hal_lptim.o
 .debug_info    0x000000000000c446      0x9b4 Drivers/STM32F7xx_HAL_Driver/Src/stm32f7xx_hal_pwr.o
 .debug_info    0x000000000000cdfa      0x96b Drivers/STM32F7xx_HAL_Driver/Src/stm32f7xx_hal_pwr_ex.o
 .debug_info    0x000000000000d765      0x996 Drivers/STM32F7xx_HAL_Driver/Src/stm32f7xx_hal_rcc.o
 .debug_info    0x000000000000e0fb      0x7d1 Drivers/STM32F7xx_HAL_Driver/Src/stm32f7xx_hal_rcc_ex.o
 .debug_info    0x000000000000e8cc      0x552 Drivers/STM32F7xx_HAL_Driver/Src/stm32f7xx_hal_rng.o
 .debug_info    0x000000000000ee1e      0xc56 Drivers/STM32F7xx_HAL_Driver/Src/stm32f7xx_hal_rtc.o
 .debug_info    0x000000000000fa74     0x16f7 Drivers/STM32F7xx_HAL_Driver/Src/stm32f7xx_hal_uart.o
 .debug_info    0x000000000001116b      0xacb Middleware/FreeRTOS/list.o
 .debug_info    0x0000000000011c36     0x1f51 Middleware/FreeRTOS/queue.o
 .debug_info    0x0000000000013b87     0x2618 Middleware/FreeRTOS/tasks.o
 .debug_info    0x000000000001619f     0x145e Middleware/FreeRTOS/timers.o
 .debug_info    0x00000000000175fd      0x4da Middleware/FreeRTOS/portable/GCC/ARM_CM7/r0p1/port.o
 .debug_info    0x0000000000017ad7      0xced Middleware/FreeRTOS/portable/MemMang/heap_4.o

.debug_abbrev   0x0000000000000000     0x353c
 .debug_abbrev  0x0000000000000000      0x301 Core/Src/main.o
 .debug_abbrev  0x0000000000000301      0x237 Core/Src/stm32f7xx_hal_msp.o
 .debug_abbrev  0x0000000000000538      0x17f Core/Src/stm32f7xx_it.o
 .debug_abbrev  0x00000000000006b7      0x261 Core/Src/syscalls.o
 .debug_abbrev  0x0000000000000918      0x19b Core/Src/sysmem.o
 .debug_abbrev  0x0000000000000ab3      0x147 Core/Src/system_stm32f7xx.o
 .debug_abbrev  0x0000000000000bfa       0x12 Core/Startup/startup_stm32f767zitx.o
 .debug_abbrev  0x0000000000000c0c      0x1c7 Drivers/STM32F7xx_HAL_Driver/Src/stm32f7xx_hal.o
 .debug_abbrev  0x0000000000000dd3      0x2fa Drivers/STM32F7xx_HAL_Driver/Src/stm32f7xx_hal_cortex.o
 .debug_abbrev  0x00000000000010cd      0x229 Drivers/STM32F7xx_HAL_Driver/Src/stm32f7xx_hal_dma.o
 .debug_abbrev  0x00000000000012f6      0x23e Drivers/STM32F7xx_HAL_Driver/Src/stm32f7xx_hal_eth.o
 .debug_abbrev  0x0000000000001534      0x1c9 Drivers/STM32F7xx_HAL_Driver/Src/stm32f7xx_hal_gpio.o
 .debug_abbrev  0x00000000000016fd      0x1f8 Drivers/STM32F7xx_HAL_Driver/Src/stm32f7xx_hal_lptim.o
 .debug_abbrev  0x00000000000018f5      0x1b6 Drivers/STM32F7xx_HAL_Driver/Src/stm32f7xx_hal_pwr.o
 .debug_abbrev  0x0000000000001aab      0x1b8 Drivers/STM32F7xx_HAL_Driver/Src/stm32f7xx_hal_pwr_ex.o
 .debug_abbrev  0x0000000000001c63      0x268 Drivers/STM32F7xx_HAL_Driver/Src/stm32f7xx_hal_rcc.o
 .debug_abbrev  0x0000000000001ecb      0x1ad Drivers/STM32F7xx_HAL_Driver/Src/stm32f7xx_hal_rcc_ex.o
 .debug_abbrev  0x0000000000002078      0x1bc Drivers/STM32F7xx_HAL_Driver/Src/stm32f7xx_hal_rng.o
 .debug_abbrev  0x0000000000002234      0x1be Drivers/STM32F7xx_HAL_Driver/Src/stm32f7xx_hal_rtc.o
 .debug_abbrev  0x00000000000023f2      0x205 Drivers/STM32F7xx_HAL_Driver/Src/stm32f7xx_hal_uart.o
 .debug_abbrev  0x00000000000025f7      0x1cf Middleware/FreeRTOS/list.o
 .debug_abbrev  0x00000000000027c6      0x2f1 Middleware/FreeRTOS/queue.o
 .debug_abbrev  0x0000000000002ab7      0x334 Middleware/FreeRTOS/tasks.o
 .debug_abbrev  0x0000000000002deb      0x2ae Middleware/FreeRTOS/timers.o
 .debug_abbrev  0x0000000000003099      0x205 Middleware/FreeRTOS/portable/GCC/ARM_CM7/r0p1/port.o
 .debug_abbrev  0x000000000000329e      0x29e Middleware/FreeRTOS/portable/MemMang/heap_4.o

.debug_aranges  0x0000000000000000     0x1228
 .debug_aranges
                0x0000000000000000       0x88 Core/Src/main.o
 .debug_aranges
                0x0000000000000088       0x70 Core/Src/stm32f7xx_hal_msp.o
 .debug_aranges
                0x00000000000000f8       0x78 Core/Src/stm32f7xx_it.o
 .debug_aranges
                0x0000000000000170       0xa8 Core/Src/syscalls.o
 .debug_aranges
                0x0000000000000218       0x20 Core/Src/sysmem.o
 .debug_aranges
                0x0000000000000238       0x28 Core/Src/system_stm32f7xx.o
 .debug_aranges
                0x0000000000000260       0x28 Core/Startup/startup_stm32f767zitx.o
 .debug_aranges
                0x0000000000000288      0x110 Drivers/STM32F7xx_HAL_Driver/Src/stm32f7xx_hal.o
 .debug_aranges
                0x0000000000000398      0x118 Drivers/STM32F7xx_HAL_Driver/Src/stm32f7xx_hal_cortex.o
 .debug_aranges
                0x00000000000004b0       0x90 Drivers/STM32F7xx_HAL_Driver/Src/stm32f7xx_hal_dma.o
 .debug_aranges
                0x0000000000000540      0x110 Drivers/STM32F7xx_HAL_Driver/Src/stm32f7xx_hal_eth.o
 .debug_aranges
                0x0000000000000650       0x58 Drivers/STM32F7xx_HAL_Driver/Src/stm32f7xx_hal_gpio.o
 .debug_aranges
                0x00000000000006a8      0x168 Drivers/STM32F7xx_HAL_Driver/Src/stm32f7xx_hal_lptim.o
 .debug_aranges
                0x0000000000000810       0xa0 Drivers/STM32F7xx_HAL_Driver/Src/stm32f7xx_hal_pwr.o
 .debug_aranges
                0x00000000000008b0       0x80 Drivers/STM32F7xx_HAL_Driver/Src/stm32f7xx_hal_pwr_ex.o
 .debug_aranges
                0x0000000000000930       0x88 Drivers/STM32F7xx_HAL_Driver/Src/stm32f7xx_hal_rcc.o
 .debug_aranges
                0x00000000000009b8       0x50 Drivers/STM32F7xx_HAL_Driver/Src/stm32f7xx_hal_rcc_ex.o
 .debug_aranges
                0x0000000000000a08       0x88 Drivers/STM32F7xx_HAL_Driver/Src/stm32f7xx_hal_rng.o
 .debug_aranges
                0x0000000000000a90       0xb8 Drivers/STM32F7xx_HAL_Driver/Src/stm32f7xx_hal_rtc.o
 .debug_aranges
                0x0000000000000b48      0x218 Drivers/STM32F7xx_HAL_Driver/Src/stm32f7xx_hal_uart.o
 .debug_aranges
                0x0000000000000d60       0x40 Middleware/FreeRTOS/list.o
 .debug_aranges
                0x0000000000000da0      0x118 Middleware/FreeRTOS/queue.o
 .debug_aranges
                0x0000000000000eb8      0x1d0 Middleware/FreeRTOS/tasks.o
 .debug_aranges
                0x0000000000001088       0xc8 Middleware/FreeRTOS/timers.o
 .debug_aranges
                0x0000000000001150       0x80 Middleware/FreeRTOS/portable/GCC/ARM_CM7/r0p1/port.o
 .debug_aranges
                0x00000000000011d0       0x58 Middleware/FreeRTOS/portable/MemMang/heap_4.o

.debug_ranges   0x0000000000000000     0x1090
 .debug_ranges  0x0000000000000000       0x78 Core/Src/main.o
 .debug_ranges  0x0000000000000078       0x60 Core/Src/stm32f7xx_hal_msp.o
 .debug_ranges  0x00000000000000d8       0x68 Core/Src/stm32f7xx_it.o
 .debug_ranges  0x0000000000000140       0x98 Core/Src/syscalls.o
 .debug_ranges  0x00000000000001d8       0x10 Core/Src/sysmem.o
 .debug_ranges  0x00000000000001e8       0x18 Core/Src/system_stm32f7xx.o
 .debug_ranges  0x0000000000000200       0x20 Core/Startup/startup_stm32f767zitx.o
 .debug_ranges  0x0000000000000220      0x100 Drivers/STM32F7xx_HAL_Driver/Src/stm32f7xx_hal.o
 .debug_ranges  0x0000000000000320      0x108 Drivers/STM32F7xx_HAL_Driver/Src/stm32f7xx_hal_cortex.o
 .debug_ranges  0x0000000000000428       0x80 Drivers/STM32F7xx_HAL_Driver/Src/stm32f7xx_hal_dma.o
 .debug_ranges  0x00000000000004a8      0x100 Drivers/STM32F7xx_HAL_Driver/Src/stm32f7xx_hal_eth.o
 .debug_ranges  0x00000000000005a8       0x48 Drivers/STM32F7xx_HAL_Driver/Src/stm32f7xx_hal_gpio.o
 .debug_ranges  0x00000000000005f0      0x158 Drivers/STM32F7xx_HAL_Driver/Src/stm32f7xx_hal_lptim.o
 .debug_ranges  0x0000000000000748       0x90 Drivers/STM32F7xx_HAL_Driver/Src/stm32f7xx_hal_pwr.o
 .debug_ranges  0x00000000000007d8       0x70 Drivers/STM32F7xx_HAL_Driver/Src/stm32f7xx_hal_pwr_ex.o
 .debug_ranges  0x0000000000000848       0x78 Drivers/STM32F7xx_HAL_Driver/Src/stm32f7xx_hal_rcc.o
 .debug_ranges  0x00000000000008c0       0x40 Drivers/STM32F7xx_HAL_Driver/Src/stm32f7xx_hal_rcc_ex.o
 .debug_ranges  0x0000000000000900       0x78 Drivers/STM32F7xx_HAL_Driver/Src/stm32f7xx_hal_rng.o